[    0.000000] microcode: microcode updated early to revision 0xd000375, date = 2022-04-07
[    0.000000] Linux version 5.15.0tiering-detection+ (root@ddst-PowerEdge-R750) (gcc (Ubuntu 11.3.0-1ubuntu1~22.04) 11.3.0, GNU ld (GNU Binutils for Ubuntu) 2.38) #1 SMP Mon Oct 31 21:51:48 CST 2022
[    0.000000] Command line: BOOT_IMAGE=/boot/vmlinuz-5.15.0tiering-detection+ root=UUID=9c365e1f-9cbd-4d74-ac50-a3ef2781b125 ro quiet splash vt.handoff=7
[    0.000000] KERNEL supported cpus:
[    0.000000]   Intel GenuineIntel
[    0.000000]   AMD AuthenticAMD
[    0.000000]   Hygon HygonGenuine
[    0.000000]   Centaur CentaurHauls
[    0.000000]   zhaoxin   Shanghai  
[    0.000000] x86/split lock detection: #AC: crashing the kernel on kernel split_locks and warning on user-space split_locks
[    0.000000] x86/fpu: Supporting XSAVE feature 0x001: 'x87 floating point registers'
[    0.000000] x86/fpu: Supporting XSAVE feature 0x002: 'SSE registers'
[    0.000000] x86/fpu: Supporting XSAVE feature 0x004: 'AVX registers'
[    0.000000] x86/fpu: Supporting XSAVE feature 0x020: 'AVX-512 opmask'
[    0.000000] x86/fpu: Supporting XSAVE feature 0x040: 'AVX-512 Hi256'
[    0.000000] x86/fpu: Supporting XSAVE feature 0x080: 'AVX-512 ZMM_Hi256'
[    0.000000] x86/fpu: Supporting XSAVE feature 0x200: 'Protection Keys User registers'
[    0.000000] x86/fpu: xstate_offset[2]:  576, xstate_sizes[2]:  256
[    0.000000] x86/fpu: xstate_offset[5]:  832, xstate_sizes[5]:   64
[    0.000000] x86/fpu: xstate_offset[6]:  896, xstate_sizes[6]:  512
[    0.000000] x86/fpu: xstate_offset[7]: 1408, xstate_sizes[7]: 1024
[    0.000000] x86/fpu: xstate_offset[9]: 2432, xstate_sizes[9]:    8
[    0.000000] x86/fpu: Enabled xstate features 0x2e7, context size is 2440 bytes, using 'compacted' format.
[    0.000000] signal: max sigframe size: 3632
[    0.000000] BIOS-provided physical RAM map:
[    0.000000] BIOS-e820: [mem 0x0000000000000000-0x000000000008efff] usable
[    0.000000] BIOS-e820: [mem 0x000000000008f000-0x000000000008ffff] reserved
[    0.000000] BIOS-e820: [mem 0x0000000000090000-0x000000000009ffff] usable
[    0.000000] BIOS-e820: [mem 0x00000000000a0000-0x00000000000fffff] reserved
[    0.000000] BIOS-e820: [mem 0x0000000000100000-0x000000004ad72fff] usable
[    0.000000] BIOS-e820: [mem 0x000000004ad73000-0x000000004bd72fff] ACPI NVS
[    0.000000] BIOS-e820: [mem 0x000000004bd73000-0x000000004bee9fff] usable
[    0.000000] BIOS-e820: [mem 0x000000004beea000-0x000000004c167fff] ACPI data
[    0.000000] BIOS-e820: [mem 0x000000004c168000-0x000000004c1f0fff] usable
[    0.000000] BIOS-e820: [mem 0x000000004c1f1000-0x000000004c2f5fff] reserved
[    0.000000] BIOS-e820: [mem 0x000000004c2f6000-0x000000005eefdfff] usable
[    0.000000] BIOS-e820: [mem 0x000000005eefe000-0x000000006e3fefff] reserved
[    0.000000] BIOS-e820: [mem 0x000000006e3ff000-0x000000006f3fefff] ACPI NVS
[    0.000000] BIOS-e820: [mem 0x000000006f3ff000-0x000000006f7fefff] ACPI data
[    0.000000] BIOS-e820: [mem 0x000000006f7ff000-0x000000006f7fffff] usable
[    0.000000] BIOS-e820: [mem 0x000000006f800000-0x000000008fffffff] reserved
[    0.000000] BIOS-e820: [mem 0x00000000fe000000-0x00000000fe010fff] reserved
[    0.000000] BIOS-e820: [mem 0x0000000100000000-0x000000207fffffff] usable
[    0.000000] BIOS-e820: [mem 0x0000002080000000-0x0000011c7fffffff] persistent (type 7)
[    0.000000] BIOS-e820: [mem 0x00000bfc00000000-0x00000bffffffffff] reserved
[    0.000000] NX (Execute Disable) protection: active
[    0.000000] e820: update [mem 0x493e6020-0x493ee05f] usable ==> usable
[    0.000000] e820: update [mem 0x493e6020-0x493ee05f] usable ==> usable
[    0.000000] e820: update [mem 0x493b3020-0x493e505f] usable ==> usable
[    0.000000] e820: update [mem 0x493b3020-0x493e505f] usable ==> usable
[    0.000000] e820: update [mem 0x49380020-0x493b205f] usable ==> usable
[    0.000000] e820: update [mem 0x49380020-0x493b205f] usable ==> usable
[    0.000000] e820: update [mem 0x4934f020-0x4937f85f] usable ==> usable
[    0.000000] e820: update [mem 0x4934f020-0x4937f85f] usable ==> usable
[    0.000000] e820: update [mem 0x4931c020-0x4934e05f] usable ==> usable
[    0.000000] e820: update [mem 0x4931c020-0x4934e05f] usable ==> usable
[    0.000000] e820: update [mem 0x492e9020-0x4931b05f] usable ==> usable
[    0.000000] e820: update [mem 0x492e9020-0x4931b05f] usable ==> usable
[    0.000000] e820: update [mem 0x492b6020-0x492e805f] usable ==> usable
[    0.000000] e820: update [mem 0x492b6020-0x492e805f] usable ==> usable
[    0.000000] e820: update [mem 0x49283020-0x492b505f] usable ==> usable
[    0.000000] e820: update [mem 0x49283020-0x492b505f] usable ==> usable
[    0.000000] e820: update [mem 0x491ce020-0x4928205f] usable ==> usable
[    0.000000] e820: update [mem 0x491ce020-0x4928205f] usable ==> usable
[    0.000000] extended physical RAM map:
[    0.000000] reserve setup_data: [mem 0x0000000000000000-0x000000000008efff] usable
[    0.000000] reserve setup_data: [mem 0x000000000008f000-0x000000000008ffff] reserved
[    0.000000] reserve setup_data: [mem 0x0000000000090000-0x000000000009ffff] usable
[    0.000000] reserve setup_data: [mem 0x00000000000a0000-0x00000000000fffff] reserved
[    0.000000] reserve setup_data: [mem 0x0000000000100000-0x00000000491ce01f] usable
[    0.000000] reserve setup_data: [mem 0x00000000491ce020-0x000000004928205f] usable
[    0.000000] reserve setup_data: [mem 0x0000000049282060-0x000000004928301f] usable
[    0.000000] reserve setup_data: [mem 0x0000000049283020-0x00000000492b505f] usable
[    0.000000] reserve setup_data: [mem 0x00000000492b5060-0x00000000492b601f] usable
[    0.000000] reserve setup_data: [mem 0x00000000492b6020-0x00000000492e805f] usable
[    0.000000] reserve setup_data: [mem 0x00000000492e8060-0x00000000492e901f] usable
[    0.000000] reserve setup_data: [mem 0x00000000492e9020-0x000000004931b05f] usable
[    0.000000] reserve setup_data: [mem 0x000000004931b060-0x000000004931c01f] usable
[    0.000000] reserve setup_data: [mem 0x000000004931c020-0x000000004934e05f] usable
[    0.000000] reserve setup_data: [mem 0x000000004934e060-0x000000004934f01f] usable
[    0.000000] reserve setup_data: [mem 0x000000004934f020-0x000000004937f85f] usable
[    0.000000] reserve setup_data: [mem 0x000000004937f860-0x000000004938001f] usable
[    0.000000] reserve setup_data: [mem 0x0000000049380020-0x00000000493b205f] usable
[    0.000000] reserve setup_data: [mem 0x00000000493b2060-0x00000000493b301f] usable
[    0.000000] reserve setup_data: [mem 0x00000000493b3020-0x00000000493e505f] usable
[    0.000000] reserve setup_data: [mem 0x00000000493e5060-0x00000000493e601f] usable
[    0.000000] reserve setup_data: [mem 0x00000000493e6020-0x00000000493ee05f] usable
[    0.000000] reserve setup_data: [mem 0x00000000493ee060-0x000000004ad72fff] usable
[    0.000000] reserve setup_data: [mem 0x000000004ad73000-0x000000004bd72fff] ACPI NVS
[    0.000000] reserve setup_data: [mem 0x000000004bd73000-0x000000004bee9fff] usable
[    0.000000] reserve setup_data: [mem 0x000000004beea000-0x000000004c167fff] ACPI data
[    0.000000] reserve setup_data: [mem 0x000000004c168000-0x000000004c1f0fff] usable
[    0.000000] reserve setup_data: [mem 0x000000004c1f1000-0x000000004c2f5fff] reserved
[    0.000000] reserve setup_data: [mem 0x000000004c2f6000-0x000000005eefdfff] usable
[    0.000000] reserve setup_data: [mem 0x000000005eefe000-0x000000006e3fefff] reserved
[    0.000000] reserve setup_data: [mem 0x000000006e3ff000-0x000000006f3fefff] ACPI NVS
[    0.000000] reserve setup_data: [mem 0x000000006f3ff000-0x000000006f7fefff] ACPI data
[    0.000000] reserve setup_data: [mem 0x000000006f7ff000-0x000000006f7fffff] usable
[    0.000000] reserve setup_data: [mem 0x000000006f800000-0x000000008fffffff] reserved
[    0.000000] reserve setup_data: [mem 0x00000000fe000000-0x00000000fe010fff] reserved
[    0.000000] reserve setup_data: [mem 0x0000000100000000-0x000000207fffffff] usable
[    0.000000] reserve setup_data: [mem 0x0000002080000000-0x0000011c7fffffff] persistent (type 7)
[    0.000000] reserve setup_data: [mem 0x00000bfc00000000-0x00000bffffffffff] reserved
[    0.000000] efi: EFI v2.70 by Dell Inc.
[    0.000000] efi: ACPI=0x6f7fe000 ACPI 2.0=0x6f7fe014 MEMATTR=0x57f4b020 SMBIOS=0x69526000 SMBIOS 3.0=0x69524000 MOKvar=0x5b273000 RNG=0x5ef033a0 
[    0.000000] efi: seeding entropy pool
[    0.000000] random: fast init done
[    0.000000] SMBIOS 3.3.0 present.
[    0.000000] DMI: Dell Inc. PowerEdge R750/0WMWCR, BIOS 1.1.3 04/27/2021
[    0.000000] tsc: Detected 2600.000 MHz processor
[    0.000233] e820: update [mem 0x00000000-0x00000fff] usable ==> reserved
[    0.000330] e820: remove [mem 0x000a0000-0x000fffff] usable
[    0.000669] last_pfn = 0x2080000 max_arch_pfn = 0x400000000
[    0.004435] x86/PAT: Configuration [0-7]: WB  WC  UC- UC  WB  WP  UC- WT  
[    0.023890] total RAM covered: 2095088M
[    0.024063]  gran_size: 64K 	chunk_size: 64K 	num_reg: 10  	lose cover RAM: 2016G
[    0.024068]  gran_size: 64K 	chunk_size: 128K 	num_reg: 10  	lose cover RAM: 2016G
[    0.024071]  gran_size: 64K 	chunk_size: 256K 	num_reg: 10  	lose cover RAM: 2016G
[    0.024074]  gran_size: 64K 	chunk_size: 512K 	num_reg: 10  	lose cover RAM: 2016G
[    0.024076]  gran_size: 64K 	chunk_size: 1M 	num_reg: 10  	lose cover RAM: 2016G
[    0.024078]  gran_size: 64K 	chunk_size: 2M 	num_reg: 10  	lose cover RAM: 2016G
[    0.024081]  gran_size: 64K 	chunk_size: 4M 	num_reg: 10  	lose cover RAM: 2016G
[    0.024083]  gran_size: 64K 	chunk_size: 8M 	num_reg: 10  	lose cover RAM: 2016G
[    0.024085]  gran_size: 64K 	chunk_size: 16M 	num_reg: 10  	lose cover RAM: 2016G
[    0.024088]  gran_size: 64K 	chunk_size: 32M 	num_reg: 10  	lose cover RAM: 1024G
[    0.024090]  gran_size: 64K 	chunk_size: 64M 	num_reg: 10  	lose cover RAM: 1024G
[    0.024092]  gran_size: 64K 	chunk_size: 128M 	num_reg: 10  	lose cover RAM: 1024G
[    0.024094]  gran_size: 64K 	chunk_size: 256M 	num_reg: 10  	lose cover RAM: 1024G
[    0.024097]  gran_size: 64K 	chunk_size: 512M 	num_reg: 10  	lose cover RAM: 1024G
[    0.024099]  gran_size: 64K 	chunk_size: 1G 	num_reg: 10  	lose cover RAM: 1024G
[    0.024102]  gran_size: 64K 	chunk_size: 2G 	num_reg: 10  	lose cover RAM: 1024G
[    0.024104]  gran_size: 128K 	chunk_size: 128K 	num_reg: 10  	lose cover RAM: 2016G
[    0.024107]  gran_size: 128K 	chunk_size: 256K 	num_reg: 10  	lose cover RAM: 2016G
[    0.024110]  gran_size: 128K 	chunk_size: 512K 	num_reg: 10  	lose cover RAM: 2016G
[    0.024112]  gran_size: 128K 	chunk_size: 1M 	num_reg: 10  	lose cover RAM: 2016G
[    0.024115]  gran_size: 128K 	chunk_size: 2M 	num_reg: 10  	lose cover RAM: 2016G
[    0.024117]  gran_size: 128K 	chunk_size: 4M 	num_reg: 10  	lose cover RAM: 2016G
[    0.024119]  gran_size: 128K 	chunk_size: 8M 	num_reg: 10  	lose cover RAM: 2016G
[    0.024121]  gran_size: 128K 	chunk_size: 16M 	num_reg: 10  	lose cover RAM: 2016G
[    0.024124]  gran_size: 128K 	chunk_size: 32M 	num_reg: 10  	lose cover RAM: 1024G
[    0.024126]  gran_size: 128K 	chunk_size: 64M 	num_reg: 10  	lose cover RAM: 1024G
[    0.024128]  gran_size: 128K 	chunk_size: 128M 	num_reg: 10  	lose cover RAM: 1024G
[    0.024131]  gran_size: 128K 	chunk_size: 256M 	num_reg: 10  	lose cover RAM: 1024G
[    0.024133]  gran_size: 128K 	chunk_size: 512M 	num_reg: 10  	lose cover RAM: 1024G
[    0.024135]  gran_size: 128K 	chunk_size: 1G 	num_reg: 10  	lose cover RAM: 1024G
[    0.024138]  gran_size: 128K 	chunk_size: 2G 	num_reg: 10  	lose cover RAM: 1024G
[    0.024140]  gran_size: 256K 	chunk_size: 256K 	num_reg: 10  	lose cover RAM: 2016G
[    0.024143]  gran_size: 256K 	chunk_size: 512K 	num_reg: 10  	lose cover RAM: 2016G
[    0.024145]  gran_size: 256K 	chunk_size: 1M 	num_reg: 10  	lose cover RAM: 2016G
[    0.024147]  gran_size: 256K 	chunk_size: 2M 	num_reg: 10  	lose cover RAM: 2016G
[    0.024150]  gran_size: 256K 	chunk_size: 4M 	num_reg: 10  	lose cover RAM: 2016G
[    0.024152]  gran_size: 256K 	chunk_size: 8M 	num_reg: 10  	lose cover RAM: 2016G
[    0.024154]  gran_size: 256K 	chunk_size: 16M 	num_reg: 10  	lose cover RAM: 2016G
[    0.024156]  gran_size: 256K 	chunk_size: 32M 	num_reg: 10  	lose cover RAM: 1024G
[    0.024159]  gran_size: 256K 	chunk_size: 64M 	num_reg: 10  	lose cover RAM: 1024G
[    0.024161]  gran_size: 256K 	chunk_size: 128M 	num_reg: 10  	lose cover RAM: 1024G
[    0.024163]  gran_size: 256K 	chunk_size: 256M 	num_reg: 10  	lose cover RAM: 1024G
[    0.024166]  gran_size: 256K 	chunk_size: 512M 	num_reg: 10  	lose cover RAM: 1024G
[    0.024168]  gran_size: 256K 	chunk_size: 1G 	num_reg: 10  	lose cover RAM: 1024G
[    0.024170]  gran_size: 256K 	chunk_size: 2G 	num_reg: 10  	lose cover RAM: 1024G
[    0.024173]  gran_size: 512K 	chunk_size: 512K 	num_reg: 10  	lose cover RAM: 2016G
[    0.024175]  gran_size: 512K 	chunk_size: 1M 	num_reg: 10  	lose cover RAM: 2016G
[    0.024178]  gran_size: 512K 	chunk_size: 2M 	num_reg: 10  	lose cover RAM: 2016G
[    0.024180]  gran_size: 512K 	chunk_size: 4M 	num_reg: 10  	lose cover RAM: 2016G
[    0.024183]  gran_size: 512K 	chunk_size: 8M 	num_reg: 10  	lose cover RAM: 2016G
[    0.024185]  gran_size: 512K 	chunk_size: 16M 	num_reg: 10  	lose cover RAM: 2016G
[    0.024187]  gran_size: 512K 	chunk_size: 32M 	num_reg: 10  	lose cover RAM: 1024G
[    0.024190]  gran_size: 512K 	chunk_size: 64M 	num_reg: 10  	lose cover RAM: 1024G
[    0.024192]  gran_size: 512K 	chunk_size: 128M 	num_reg: 10  	lose cover RAM: 1024G
[    0.024194]  gran_size: 512K 	chunk_size: 256M 	num_reg: 10  	lose cover RAM: 1024G
[    0.024197]  gran_size: 512K 	chunk_size: 512M 	num_reg: 10  	lose cover RAM: 1024G
[    0.024199]  gran_size: 512K 	chunk_size: 1G 	num_reg: 10  	lose cover RAM: 1024G
[    0.024201]  gran_size: 512K 	chunk_size: 2G 	num_reg: 10  	lose cover RAM: 1024G
[    0.024204]  gran_size: 1M 	chunk_size: 1M 	num_reg: 10  	lose cover RAM: 2016G
[    0.024206]  gran_size: 1M 	chunk_size: 2M 	num_reg: 10  	lose cover RAM: 2016G
[    0.024209]  gran_size: 1M 	chunk_size: 4M 	num_reg: 10  	lose cover RAM: 2016G
[    0.024211]  gran_size: 1M 	chunk_size: 8M 	num_reg: 10  	lose cover RAM: 2016G
[    0.024214]  gran_size: 1M 	chunk_size: 16M 	num_reg: 10  	lose cover RAM: 2016G
[    0.024216]  gran_size: 1M 	chunk_size: 32M 	num_reg: 10  	lose cover RAM: 1024G
[    0.024219]  gran_size: 1M 	chunk_size: 64M 	num_reg: 10  	lose cover RAM: 1024G
[    0.024221]  gran_size: 1M 	chunk_size: 128M 	num_reg: 10  	lose cover RAM: 1024G
[    0.024223]  gran_size: 1M 	chunk_size: 256M 	num_reg: 10  	lose cover RAM: 1024G
[    0.024226]  gran_size: 1M 	chunk_size: 512M 	num_reg: 10  	lose cover RAM: 1024G
[    0.024228]  gran_size: 1M 	chunk_size: 1G 	num_reg: 10  	lose cover RAM: 1024G
[    0.024230]  gran_size: 1M 	chunk_size: 2G 	num_reg: 10  	lose cover RAM: 1024G
[    0.024233]  gran_size: 2M 	chunk_size: 2M 	num_reg: 10  	lose cover RAM: 2016G
[    0.024235]  gran_size: 2M 	chunk_size: 4M 	num_reg: 10  	lose cover RAM: 2016G
[    0.024237]  gran_size: 2M 	chunk_size: 8M 	num_reg: 10  	lose cover RAM: 2016G
[    0.024240]  gran_size: 2M 	chunk_size: 16M 	num_reg: 10  	lose cover RAM: 2016G
[    0.024242]  gran_size: 2M 	chunk_size: 32M 	num_reg: 10  	lose cover RAM: 1024G
[    0.024244]  gran_size: 2M 	chunk_size: 64M 	num_reg: 10  	lose cover RAM: 1024G
[    0.024246]  gran_size: 2M 	chunk_size: 128M 	num_reg: 10  	lose cover RAM: 1024G
[    0.024249]  gran_size: 2M 	chunk_size: 256M 	num_reg: 10  	lose cover RAM: 1024G
[    0.024251]  gran_size: 2M 	chunk_size: 512M 	num_reg: 10  	lose cover RAM: 1024G
[    0.024253]  gran_size: 2M 	chunk_size: 1G 	num_reg: 10  	lose cover RAM: 1024G
[    0.024256]  gran_size: 2M 	chunk_size: 2G 	num_reg: 10  	lose cover RAM: 1024G
[    0.024258]  gran_size: 4M 	chunk_size: 4M 	num_reg: 10  	lose cover RAM: 2016G
[    0.024260]  gran_size: 4M 	chunk_size: 8M 	num_reg: 10  	lose cover RAM: 2016G
[    0.024263]  gran_size: 4M 	chunk_size: 16M 	num_reg: 10  	lose cover RAM: 2016G
[    0.024265]  gran_size: 4M 	chunk_size: 32M 	num_reg: 10  	lose cover RAM: 1024G
[    0.024267]  gran_size: 4M 	chunk_size: 64M 	num_reg: 10  	lose cover RAM: 1024G
[    0.024269]  gran_size: 4M 	chunk_size: 128M 	num_reg: 10  	lose cover RAM: 1024G
[    0.024272]  gran_size: 4M 	chunk_size: 256M 	num_reg: 10  	lose cover RAM: 1024G
[    0.024274]  gran_size: 4M 	chunk_size: 512M 	num_reg: 10  	lose cover RAM: 1024G
[    0.024276]  gran_size: 4M 	chunk_size: 1G 	num_reg: 10  	lose cover RAM: 1024G
[    0.024279]  gran_size: 4M 	chunk_size: 2G 	num_reg: 10  	lose cover RAM: 1024G
[    0.024281]  gran_size: 8M 	chunk_size: 8M 	num_reg: 10  	lose cover RAM: 2016G
[    0.024284]  gran_size: 8M 	chunk_size: 16M 	num_reg: 10  	lose cover RAM: 2016G
[    0.024286]  gran_size: 8M 	chunk_size: 32M 	num_reg: 10  	lose cover RAM: 1024G
[    0.024288]  gran_size: 8M 	chunk_size: 64M 	num_reg: 10  	lose cover RAM: 1024G
[    0.024290]  gran_size: 8M 	chunk_size: 128M 	num_reg: 10  	lose cover RAM: 1024G
[    0.024293]  gran_size: 8M 	chunk_size: 256M 	num_reg: 10  	lose cover RAM: 1024G
[    0.024295]  gran_size: 8M 	chunk_size: 512M 	num_reg: 10  	lose cover RAM: 1024G
[    0.024298]  gran_size: 8M 	chunk_size: 1G 	num_reg: 10  	lose cover RAM: 1024G
[    0.024300]  gran_size: 8M 	chunk_size: 2G 	num_reg: 10  	lose cover RAM: 1024G
[    0.024302]  gran_size: 16M 	chunk_size: 16M 	num_reg: 10  	lose cover RAM: 2016G
[    0.024305]  gran_size: 16M 	chunk_size: 32M 	num_reg: 10  	lose cover RAM: 1024G
[    0.024307]  gran_size: 16M 	chunk_size: 64M 	num_reg: 10  	lose cover RAM: 1024G
[    0.024309]  gran_size: 16M 	chunk_size: 128M 	num_reg: 10  	lose cover RAM: 1024G
[    0.024312]  gran_size: 16M 	chunk_size: 256M 	num_reg: 10  	lose cover RAM: 1024G
[    0.024314]  gran_size: 16M 	chunk_size: 512M 	num_reg: 10  	lose cover RAM: 1024G
[    0.024316]  gran_size: 16M 	chunk_size: 1G 	num_reg: 10  	lose cover RAM: 1024G
[    0.024319]  gran_size: 16M 	chunk_size: 2G 	num_reg: 10  	lose cover RAM: 1024G
[    0.024321]  gran_size: 32M 	chunk_size: 32M 	num_reg: 10  	lose cover RAM: 2031632M
[    0.024324]  gran_size: 32M 	chunk_size: 64M 	num_reg: 10  	lose cover RAM: 1048592M
[    0.024326]  gran_size: 32M 	chunk_size: 128M 	num_reg: 10  	lose cover RAM: 1048592M
[    0.024329]  gran_size: 32M 	chunk_size: 256M 	num_reg: 10  	lose cover RAM: 1048592M
[    0.024331]  gran_size: 32M 	chunk_size: 512M 	num_reg: 10  	lose cover RAM: 1048592M
[    0.024334]  gran_size: 32M 	chunk_size: 1G 	num_reg: 10  	lose cover RAM: 1048592M
[    0.024336]  gran_size: 32M 	chunk_size: 2G 	num_reg: 10  	lose cover RAM: 1048592M
[    0.024339]  gran_size: 64M 	chunk_size: 64M 	num_reg: 10  	lose cover RAM: 1966128M
[    0.024341]  gran_size: 64M 	chunk_size: 128M 	num_reg: 10  	lose cover RAM: 1048624M
[    0.024343]  gran_size: 64M 	chunk_size: 256M 	num_reg: 10  	lose cover RAM: 1048624M
[    0.024346]  gran_size: 64M 	chunk_size: 512M 	num_reg: 10  	lose cover RAM: 1048624M
[    0.024348]  gran_size: 64M 	chunk_size: 1G 	num_reg: 10  	lose cover RAM: 1048624M
[    0.024351]  gran_size: 64M 	chunk_size: 2G 	num_reg: 10  	lose cover RAM: 1048624M
[    0.024353]  gran_size: 128M 	chunk_size: 128M 	num_reg: 10  	lose cover RAM: 1835120M
[    0.024355]  gran_size: 128M 	chunk_size: 256M 	num_reg: 10  	lose cover RAM: 1048688M
[    0.024358]  gran_size: 128M 	chunk_size: 512M 	num_reg: 10  	lose cover RAM: 1048688M
[    0.024360]  gran_size: 128M 	chunk_size: 1G 	num_reg: 10  	lose cover RAM: 1048688M
[    0.024363]  gran_size: 128M 	chunk_size: 2G 	num_reg: 10  	lose cover RAM: 1048688M
[    0.024365]  gran_size: 256M 	chunk_size: 256M 	num_reg: 10  	lose cover RAM: 1573104M
[    0.024367]  gran_size: 256M 	chunk_size: 512M 	num_reg: 10  	lose cover RAM: 1048816M
[    0.024370]  gran_size: 256M 	chunk_size: 1G 	num_reg: 10  	lose cover RAM: 1048816M
[    0.024372]  gran_size: 256M 	chunk_size: 2G 	num_reg: 10  	lose cover RAM: 1048816M
[    0.024374]  gran_size: 512M 	chunk_size: 512M 	num_reg: 10  	lose cover RAM: 1049072M
[    0.024376]  gran_size: 512M 	chunk_size: 1G 	num_reg: 10  	lose cover RAM: 1049072M
[    0.024379]  gran_size: 512M 	chunk_size: 2G 	num_reg: 10  	lose cover RAM: 1049072M
[    0.024381]  gran_size: 1G 	chunk_size: 1G 	num_reg: 10  	lose cover RAM: 1008M
[    0.024384]  gran_size: 1G 	chunk_size: 2G 	num_reg: 10  	lose cover RAM: 1008M
[    0.024386]  gran_size: 2G 	chunk_size: 2G 	num_reg: 9  	lose cover RAM: 2032M
[    0.024389] mtrr_cleanup: can not find optimal value
[    0.024390] please specify mtrr_gran_size/mtrr_chunk_size
[    0.024394] e820: update [mem 0x7f000000-0xffffffff] usable ==> reserved
[    0.024402] x2apic: enabled by BIOS, switching to x2apic ops
[    0.024403] last_pfn = 0x6f800 max_arch_pfn = 0x400000000
[    0.035838] e820: update [mem 0x5b273000-0x5b273fff] usable ==> reserved
[    0.035855] Using GB pages for direct mapping
[    0.036232] Secure boot disabled
[    0.036233] RAMDISK: [mem 0x3ce1d000-0x3fffdfff]
[    0.036237] ACPI: Early table checksum verification disabled
[    0.036240] ACPI: RSDP 0x000000006F7FE014 000024 (v02 DELL  )
[    0.036243] ACPI: XSDT 0x000000006F41C188 000104 (v01 DELL   PE_SC3   00000000      01000013)
[    0.036248] ACPI: FACP 0x000000006F42F000 000114 (v06 DELL   PE_SC3   00000000 DELL 00000001)
[    0.036253] ACPI: DSDT 0x000000004C0E9000 07E343 (v02 DELL   PE_SC3   00000003 DELL 00000001)
[    0.036255] ACPI: FACS 0x000000006F2F2000 000040
[    0.036258] ACPI: SSDT 0x000000006F7FB000 00145C (v02 INTEL  RAS_ACPI 00000001 INTL 20200430)
[    0.036261] ACPI: SSDT 0x000000006F7FA000 000745 (v02 INTEL  ADDRXLAT 00000001 INTL 20200430)
[    0.036263] ACPI: MCEJ 0x000000006F7F9000 000130 (v01 INTEL           00000001 INTL 0100000D)
[    0.036266] ACPI: EINJ 0x000000006F7F8000 000150 (v01 DELL   PE_SC3   00000001 INTL 00000001)
[    0.036269] ACPI: BERT 0x000000006F7F7000 000030 (v01 DELL   PE_SC3   00000001 INTL 00000001)
[    0.036271] ACPI: ERST 0x000000006F7F6000 000230 (v01 DELL   PE_SC3   00000001 INTL 00000001)
[    0.036273] ACPI: SSDT 0x000000006F431000 3C4E53 (v02 INTEL  SSDTNVDR 00001000 INTL 20200430)
[    0.036276] ACPI: SLIC 0x000000006F430000 000024 (v01 DELL   PE_SC3   00000002 DELL 00000001)
[    0.036278] ACPI: HMAT 0x000000006F42E000 000210 (v01 DELL   PE_SC3   00000001 DELL 00000001)
[    0.036281] ACPI: HPET 0x000000006F42D000 000038 (v01 DELL   PE_SC3   00000001 DELL 00000001)
[    0.036283] ACPI: MCFG 0x000000006F42C000 00003C (v01 DELL   PE_SC3   00000001 DELL 00000001)
[    0.036286] ACPI: MIGT 0x000000006F42B000 000040 (v01 DELL   PE_SC3   00000000 DELL 00000001)
[    0.036289] ACPI: MSCT 0x000000006F42A000 000090 (v01 DELL   PE_SC3   00000001 DELL 00000001)
[    0.036291] ACPI: PMTT 0x000000006F428000 0011E8 (v02 DELL   PE_SC3   00000001 DELL 00000001)
[    0.036294] ACPI: WSMT 0x000000006F427000 000028 (v01 DELL   PE_SC3   00000000 DELL 00000001)
[    0.036296] ACPI: APIC 0x000000006F426000 00075E (v04 DELL   PE_SC3   00000000 DELL 00000001)
[    0.036298] ACPI: SLIT 0x000000006F424000 00102C (v01 DELL   PE_SC3   00000001      01000013)
[    0.036301] ACPI: SRAT 0x000000006F41D000 006430 (v03 DELL   PE_SC3   00000002      01000013)
[    0.036303] ACPI: OEM4 0x000000004BF61000 187A61 (v02 INTEL  CPU  CST 00003000 INTL 20200430)
[    0.036306] ACPI: SSDT 0x000000004BEEA000 0764A5 (v02 INTEL  SSDT  PM 00004000 INTL 20200430)
[    0.036308] ACPI: SSDT 0x000000006F7FD000 000A1F (v02 DELL   PE_SC3   00000000 DELL 00000001)
[    0.036311] ACPI: HEST 0x000000006F41B000 00017C (v01 DELL   PE_SC3   00000001 INTL 00000001)
[    0.036313] ACPI: PCAT 0x000000006F419000 00010C (v19 DELL   PE_SC3   00000002 DELL 00000001)
[    0.036316] ACPI: SSDT 0x000000006F411000 007299 (v02 INTEL  SpsNm    00000002 INTL 20200430)
[    0.036318] ACPI: SSDT 0x000000006F40F000 001698 (v02 DELL   PE_SC3   00000002 DELL 00000001)
[    0.036320] ACPI: NFIT 0x000000006F41A000 000488 (v01 DELL   PE_SC3   00000002 DELL 00000001)
[    0.036323] ACPI: DMAR 0x000000006F40E000 0001A0 (v01 DELL   PE_SC3   00000001 DELL 00000001)
[    0.036325] ACPI: Reserving FACP table memory at [mem 0x6f42f000-0x6f42f113]
[    0.036326] ACPI: Reserving DSDT table memory at [mem 0x4c0e9000-0x4c167342]
[    0.036327] ACPI: Reserving FACS table memory at [mem 0x6f2f2000-0x6f2f203f]
[    0.036327] ACPI: Reserving SSDT table memory at [mem 0x6f7fb000-0x6f7fc45b]
[    0.036328] ACPI: Reserving SSDT table memory at [mem 0x6f7fa000-0x6f7fa744]
[    0.036329] ACPI: Reserving MCEJ table memory at [mem 0x6f7f9000-0x6f7f912f]
[    0.036329] ACPI: Reserving EINJ table memory at [mem 0x6f7f8000-0x6f7f814f]
[    0.036330] ACPI: Reserving BERT table memory at [mem 0x6f7f7000-0x6f7f702f]
[    0.036331] ACPI: Reserving ERST table memory at [mem 0x6f7f6000-0x6f7f622f]
[    0.036331] ACPI: Reserving SSDT table memory at [mem 0x6f431000-0x6f7f5e52]
[    0.036332] ACPI: Reserving SLIC table memory at [mem 0x6f430000-0x6f430023]
[    0.036333] ACPI: Reserving HMAT table memory at [mem 0x6f42e000-0x6f42e20f]
[    0.036333] ACPI: Reserving HPET table memory at [mem 0x6f42d000-0x6f42d037]
[    0.036334] ACPI: Reserving MCFG table memory at [mem 0x6f42c000-0x6f42c03b]
[    0.036335] ACPI: Reserving MIGT table memory at [mem 0x6f42b000-0x6f42b03f]
[    0.036335] ACPI: Reserving MSCT table memory at [mem 0x6f42a000-0x6f42a08f]
[    0.036336] ACPI: Reserving PMTT table memory at [mem 0x6f428000-0x6f4291e7]
[    0.036337] ACPI: Reserving WSMT table memory at [mem 0x6f427000-0x6f427027]
[    0.036337] ACPI: Reserving APIC table memory at [mem 0x6f426000-0x6f42675d]
[    0.036338] ACPI: Reserving SLIT table memory at [mem 0x6f424000-0x6f42502b]
[    0.036339] ACPI: Reserving SRAT table memory at [mem 0x6f41d000-0x6f42342f]
[    0.036339] ACPI: Reserving OEM4 table memory at [mem 0x4bf61000-0x4c0e8a60]
[    0.036340] ACPI: Reserving SSDT table memory at [mem 0x4beea000-0x4bf604a4]
[    0.036341] ACPI: Reserving SSDT table memory at [mem 0x6f7fd000-0x6f7fda1e]
[    0.036342] ACPI: Reserving HEST table memory at [mem 0x6f41b000-0x6f41b17b]
[    0.036342] ACPI: Reserving PCAT table memory at [mem 0x6f419000-0x6f41910b]
[    0.036343] ACPI: Reserving SSDT table memory at [mem 0x6f411000-0x6f418298]
[    0.036344] ACPI: Reserving SSDT table memory at [mem 0x6f40f000-0x6f410697]
[    0.036344] ACPI: Reserving NFIT table memory at [mem 0x6f41a000-0x6f41a487]
[    0.036345] ACPI: Reserving DMAR table memory at [mem 0x6f40e000-0x6f40e19f]
[    0.036355] Setting APIC routing to cluster x2apic.
[    0.036383] SRAT: PXM 0 -> APIC 0x0000 -> Node 0
[    0.036384] SRAT: PXM 0 -> APIC 0x0001 -> Node 0
[    0.036385] SRAT: PXM 0 -> APIC 0x0002 -> Node 0
[    0.036385] SRAT: PXM 0 -> APIC 0x0003 -> Node 0
[    0.036386] SRAT: PXM 0 -> APIC 0x0004 -> Node 0
[    0.036386] SRAT: PXM 0 -> APIC 0x0005 -> Node 0
[    0.036386] SRAT: PXM 0 -> APIC 0x0006 -> Node 0
[    0.036387] SRAT: PXM 0 -> APIC 0x0007 -> Node 0
[    0.036387] SRAT: PXM 0 -> APIC 0x0008 -> Node 0
[    0.036388] SRAT: PXM 0 -> APIC 0x0009 -> Node 0
[    0.036388] SRAT: PXM 0 -> APIC 0x000a -> Node 0
[    0.036389] SRAT: PXM 0 -> APIC 0x000b -> Node 0
[    0.036389] SRAT: PXM 0 -> APIC 0x000c -> Node 0
[    0.036390] SRAT: PXM 0 -> APIC 0x000d -> Node 0
[    0.036390] SRAT: PXM 0 -> APIC 0x000e -> Node 0
[    0.036391] SRAT: PXM 0 -> APIC 0x000f -> Node 0
[    0.036391] SRAT: PXM 0 -> APIC 0x0010 -> Node 0
[    0.036392] SRAT: PXM 0 -> APIC 0x0011 -> Node 0
[    0.036392] SRAT: PXM 0 -> APIC 0x0012 -> Node 0
[    0.036393] SRAT: PXM 0 -> APIC 0x0013 -> Node 0
[    0.036393] SRAT: PXM 0 -> APIC 0x0014 -> Node 0
[    0.036394] SRAT: PXM 0 -> APIC 0x0015 -> Node 0
[    0.036394] SRAT: PXM 0 -> APIC 0x0016 -> Node 0
[    0.036395] SRAT: PXM 0 -> APIC 0x0017 -> Node 0
[    0.036395] SRAT: PXM 0 -> APIC 0x0018 -> Node 0
[    0.036396] SRAT: PXM 0 -> APIC 0x0019 -> Node 0
[    0.036396] SRAT: PXM 0 -> APIC 0x001a -> Node 0
[    0.036397] SRAT: PXM 0 -> APIC 0x001b -> Node 0
[    0.036397] SRAT: PXM 0 -> APIC 0x001c -> Node 0
[    0.036398] SRAT: PXM 0 -> APIC 0x001d -> Node 0
[    0.036398] SRAT: PXM 0 -> APIC 0x001e -> Node 0
[    0.036399] SRAT: PXM 0 -> APIC 0x001f -> Node 0
[    0.036399] SRAT: PXM 0 -> APIC 0x0020 -> Node 0
[    0.036400] SRAT: PXM 0 -> APIC 0x0021 -> Node 0
[    0.036400] SRAT: PXM 0 -> APIC 0x0022 -> Node 0
[    0.036400] SRAT: PXM 0 -> APIC 0x0023 -> Node 0
[    0.036401] SRAT: PXM 0 -> APIC 0x0024 -> Node 0
[    0.036401] SRAT: PXM 0 -> APIC 0x0025 -> Node 0
[    0.036402] SRAT: PXM 0 -> APIC 0x0026 -> Node 0
[    0.036402] SRAT: PXM 0 -> APIC 0x0027 -> Node 0
[    0.036403] SRAT: PXM 0 -> APIC 0x0028 -> Node 0
[    0.036403] SRAT: PXM 0 -> APIC 0x0029 -> Node 0
[    0.036404] SRAT: PXM 0 -> APIC 0x002a -> Node 0
[    0.036404] SRAT: PXM 0 -> APIC 0x002b -> Node 0
[    0.036405] SRAT: PXM 0 -> APIC 0x002c -> Node 0
[    0.036405] SRAT: PXM 0 -> APIC 0x002d -> Node 0
[    0.036406] SRAT: PXM 0 -> APIC 0x002e -> Node 0
[    0.036406] SRAT: PXM 0 -> APIC 0x002f -> Node 0
[    0.036406] SRAT: PXM 0 -> APIC 0x0030 -> Node 0
[    0.036407] SRAT: PXM 0 -> APIC 0x0031 -> Node 0
[    0.036407] SRAT: PXM 0 -> APIC 0x0032 -> Node 0
[    0.036408] SRAT: PXM 0 -> APIC 0x0033 -> Node 0
[    0.036408] SRAT: PXM 0 -> APIC 0x0034 -> Node 0
[    0.036409] SRAT: PXM 0 -> APIC 0x0035 -> Node 0
[    0.036409] SRAT: PXM 0 -> APIC 0x0036 -> Node 0
[    0.036410] SRAT: PXM 0 -> APIC 0x0037 -> Node 0
[    0.036410] SRAT: PXM 1 -> APIC 0x0080 -> Node 1
[    0.036411] SRAT: PXM 1 -> APIC 0x0081 -> Node 1
[    0.036411] SRAT: PXM 1 -> APIC 0x0082 -> Node 1
[    0.036412] SRAT: PXM 1 -> APIC 0x0083 -> Node 1
[    0.036412] SRAT: PXM 1 -> APIC 0x0084 -> Node 1
[    0.036413] SRAT: PXM 1 -> APIC 0x0085 -> Node 1
[    0.036413] SRAT: PXM 1 -> APIC 0x0086 -> Node 1
[    0.036413] SRAT: PXM 1 -> APIC 0x0087 -> Node 1
[    0.036414] SRAT: PXM 1 -> APIC 0x0088 -> Node 1
[    0.036414] SRAT: PXM 1 -> APIC 0x0089 -> Node 1
[    0.036415] SRAT: PXM 1 -> APIC 0x008a -> Node 1
[    0.036415] SRAT: PXM 1 -> APIC 0x008b -> Node 1
[    0.036416] SRAT: PXM 1 -> APIC 0x008c -> Node 1
[    0.036416] SRAT: PXM 1 -> APIC 0x008d -> Node 1
[    0.036417] SRAT: PXM 1 -> APIC 0x008e -> Node 1
[    0.036417] SRAT: PXM 1 -> APIC 0x008f -> Node 1
[    0.036418] SRAT: PXM 1 -> APIC 0x0090 -> Node 1
[    0.036418] SRAT: PXM 1 -> APIC 0x0091 -> Node 1
[    0.036419] SRAT: PXM 1 -> APIC 0x0092 -> Node 1
[    0.036419] SRAT: PXM 1 -> APIC 0x0093 -> Node 1
[    0.036420] SRAT: PXM 1 -> APIC 0x0094 -> Node 1
[    0.036420] SRAT: PXM 1 -> APIC 0x0095 -> Node 1
[    0.036421] SRAT: PXM 1 -> APIC 0x0096 -> Node 1
[    0.036421] SRAT: PXM 1 -> APIC 0x0097 -> Node 1
[    0.036422] SRAT: PXM 1 -> APIC 0x0098 -> Node 1
[    0.036422] SRAT: PXM 1 -> APIC 0x0099 -> Node 1
[    0.036423] SRAT: PXM 1 -> APIC 0x009a -> Node 1
[    0.036423] SRAT: PXM 1 -> APIC 0x009b -> Node 1
[    0.036424] SRAT: PXM 1 -> APIC 0x009c -> Node 1
[    0.036424] SRAT: PXM 1 -> APIC 0x009d -> Node 1
[    0.036424] SRAT: PXM 1 -> APIC 0x009e -> Node 1
[    0.036425] SRAT: PXM 1 -> APIC 0x009f -> Node 1
[    0.036425] SRAT: PXM 1 -> APIC 0x00a0 -> Node 1
[    0.036426] SRAT: PXM 1 -> APIC 0x00a1 -> Node 1
[    0.036426] SRAT: PXM 1 -> APIC 0x00a2 -> Node 1
[    0.036427] SRAT: PXM 1 -> APIC 0x00a3 -> Node 1
[    0.036427] SRAT: PXM 1 -> APIC 0x00a4 -> Node 1
[    0.036428] SRAT: PXM 1 -> APIC 0x00a5 -> Node 1
[    0.036428] SRAT: PXM 1 -> APIC 0x00a6 -> Node 1
[    0.036429] SRAT: PXM 1 -> APIC 0x00a7 -> Node 1
[    0.036429] SRAT: PXM 1 -> APIC 0x00a8 -> Node 1
[    0.036429] SRAT: PXM 1 -> APIC 0x00a9 -> Node 1
[    0.036430] SRAT: PXM 1 -> APIC 0x00aa -> Node 1
[    0.036430] SRAT: PXM 1 -> APIC 0x00ab -> Node 1
[    0.036431] SRAT: PXM 1 -> APIC 0x00ac -> Node 1
[    0.036431] SRAT: PXM 1 -> APIC 0x00ad -> Node 1
[    0.036432] SRAT: PXM 1 -> APIC 0x00ae -> Node 1
[    0.036432] SRAT: PXM 1 -> APIC 0x00af -> Node 1
[    0.036433] SRAT: PXM 1 -> APIC 0x00b0 -> Node 1
[    0.036433] SRAT: PXM 1 -> APIC 0x00b1 -> Node 1
[    0.036434] SRAT: PXM 1 -> APIC 0x00b2 -> Node 1
[    0.036434] SRAT: PXM 1 -> APIC 0x00b3 -> Node 1
[    0.036435] SRAT: PXM 1 -> APIC 0x00b4 -> Node 1
[    0.036435] SRAT: PXM 1 -> APIC 0x00b5 -> Node 1
[    0.036435] SRAT: PXM 1 -> APIC 0x00b6 -> Node 1
[    0.036436] SRAT: PXM 1 -> APIC 0x00b7 -> Node 1
[    0.036447] ACPI: SRAT: Node 0 PXM 0 [mem 0x00000000-0x7fffffff]
[    0.036449] ACPI: SRAT: Node 0 PXM 0 [mem 0x100000000-0x107fffffff]
[    0.036450] ACPI: SRAT: Node 2 PXM 2 [mem 0x2080000000-0x9e7fffffff] non-volatile
[    0.036451] ACPI: SRAT: Node 1 PXM 1 [mem 0x1080000000-0x207fffffff]
[    0.036452] ACPI: SRAT: Node 3 PXM 3 [mem 0x9e80000000-0x11c7fffffff] non-volatile
[    0.036459] NUMA: Initialized distance table, cnt=4
[    0.036461] NUMA: Node 0 [mem 0x00000000-0x7fffffff] + [mem 0x100000000-0x107fffffff] -> [mem 0x00000000-0x107fffffff]
[    0.036469] NODE_DATA(0) allocated [mem 0x107ffd5000-0x107fffffff]
[    0.036486] NODE_DATA(1) allocated [mem 0x207ffd4000-0x207fffefff]
[    0.036696] Zone ranges:
[    0.036697]   DMA      [mem 0x0000000000001000-0x0000000000ffffff]
[    0.036698]   DMA32    [mem 0x0000000001000000-0x00000000ffffffff]
[    0.036699]   Normal   [mem 0x0000000100000000-0x000000207fffffff]
[    0.036700]   Device   empty
[    0.036701] Movable zone start for each node
[    0.036704] Early memory node ranges
[    0.036704]   node   0: [mem 0x0000000000001000-0x000000000008efff]
[    0.036705]   node   0: [mem 0x0000000000090000-0x000000000009ffff]
[    0.036706]   node   0: [mem 0x0000000000100000-0x000000004ad72fff]
[    0.036707]   node   0: [mem 0x000000004bd73000-0x000000004bee9fff]
[    0.036708]   node   0: [mem 0x000000004c168000-0x000000004c1f0fff]
[    0.036708]   node   0: [mem 0x000000004c2f6000-0x000000005eefdfff]
[    0.036709]   node   0: [mem 0x000000006f7ff000-0x000000006f7fffff]
[    0.036709]   node   0: [mem 0x0000000100000000-0x000000107fffffff]
[    0.036712]   node   1: [mem 0x0000001080000000-0x000000207fffffff]
[    0.036716] Initmem setup node 0 [mem 0x0000000000001000-0x000000107fffffff]
[    0.036718] Initmem setup node 1 [mem 0x0000001080000000-0x000000207fffffff]
[    0.036721] On node 0, zone DMA: 1 pages in unavailable ranges
[    0.036722] On node 0, zone DMA: 1 pages in unavailable ranges
[    0.036750] On node 0, zone DMA: 96 pages in unavailable ranges
[    0.038554] On node 0, zone DMA32: 4096 pages in unavailable ranges
[    0.038559] On node 0, zone DMA32: 638 pages in unavailable ranges
[    0.039012] On node 0, zone DMA32: 261 pages in unavailable ranges
[    0.039247] On node 0, zone DMA32: 35073 pages in unavailable ranges
[    0.143374] On node 0, zone Normal: 2048 pages in unavailable ranges
[    0.271353] ACPI: PM-Timer IO Port: 0x508
[    0.271369] ACPI: X2APIC_NMI (uid[0xffffffff] high edge lint[0x1])
[    0.271372] ACPI: LAPIC_NMI (acpi_id[0xff] high edge lint[0x1])
[    0.271389] IOAPIC[0]: apic_id 8, version 32, address 0xfec00000, GSI 0-119
[    0.271392] ACPI: INT_SRC_OVR (bus 0 bus_irq 0 global_irq 2 dfl dfl)
[    0.271393] ACPI: INT_SRC_OVR (bus 0 bus_irq 9 global_irq 9 high level)
[    0.271397] ACPI: Using ACPI (MADT) for SMP configuration information
[    0.271398] ACPI: HPET id: 0x8086a701 base: 0xfed00000
[    0.271402] TSC deadline timer available
[    0.271403] smpboot: Allowing 112 CPUs, 0 hotplug CPUs
[    0.271426] PM: hibernation: Registered nosave memory: [mem 0x00000000-0x00000fff]
[    0.271428] PM: hibernation: Registered nosave memory: [mem 0x0008f000-0x0008ffff]
[    0.271429] PM: hibernation: Registered nosave memory: [mem 0x000a0000-0x000fffff]
[    0.271431] PM: hibernation: Registered nosave memory: [mem 0x491ce000-0x491cefff]
[    0.271432] PM: hibernation: Registered nosave memory: [mem 0x49282000-0x49282fff]
[    0.271433] PM: hibernation: Registered nosave memory: [mem 0x49283000-0x49283fff]
[    0.271434] PM: hibernation: Registered nosave memory: [mem 0x492b5000-0x492b5fff]
[    0.271434] PM: hibernation: Registered nosave memory: [mem 0x492b6000-0x492b6fff]
[    0.271436] PM: hibernation: Registered nosave memory: [mem 0x492e8000-0x492e8fff]
[    0.271436] PM: hibernation: Registered nosave memory: [mem 0x492e9000-0x492e9fff]
[    0.271437] PM: hibernation: Registered nosave memory: [mem 0x4931b000-0x4931bfff]
[    0.271438] PM: hibernation: Registered nosave memory: [mem 0x4931c000-0x4931cfff]
[    0.271439] PM: hibernation: Registered nosave memory: [mem 0x4934e000-0x4934efff]
[    0.271439] PM: hibernation: Registered nosave memory: [mem 0x4934f000-0x4934ffff]
[    0.271441] PM: hibernation: Registered nosave memory: [mem 0x4937f000-0x4937ffff]
[    0.271441] PM: hibernation: Registered nosave memory: [mem 0x49380000-0x49380fff]
[    0.271442] PM: hibernation: Registered nosave memory: [mem 0x493b2000-0x493b2fff]
[    0.271443] PM: hibernation: Registered nosave memory: [mem 0x493b3000-0x493b3fff]
[    0.271444] PM: hibernation: Registered nosave memory: [mem 0x493e5000-0x493e5fff]
[    0.271445] PM: hibernation: Registered nosave memory: [mem 0x493e6000-0x493e6fff]
[    0.271446] PM: hibernation: Registered nosave memory: [mem 0x493ee000-0x493eefff]
[    0.271447] PM: hibernation: Registered nosave memory: [mem 0x4ad73000-0x4bd72fff]
[    0.271449] PM: hibernation: Registered nosave memory: [mem 0x4beea000-0x4c167fff]
[    0.271450] PM: hibernation: Registered nosave memory: [mem 0x4c1f1000-0x4c2f5fff]
[    0.271451] PM: hibernation: Registered nosave memory: [mem 0x5b273000-0x5b273fff]
[    0.271453] PM: hibernation: Registered nosave memory: [mem 0x5eefe000-0x6e3fefff]
[    0.271453] PM: hibernation: Registered nosave memory: [mem 0x6e3ff000-0x6f3fefff]
[    0.271454] PM: hibernation: Registered nosave memory: [mem 0x6f3ff000-0x6f7fefff]
[    0.271455] PM: hibernation: Registered nosave memory: [mem 0x6f800000-0x8fffffff]
[    0.271455] PM: hibernation: Registered nosave memory: [mem 0x90000000-0xfdffffff]
[    0.271456] PM: hibernation: Registered nosave memory: [mem 0xfe000000-0xfe010fff]
[    0.271457] PM: hibernation: Registered nosave memory: [mem 0xfe011000-0xffffffff]
[    0.271458] [mem 0x90000000-0xfdffffff] available for PCI devices
[    0.271459] Booting paravirtualized kernel on bare hardware
[    0.271461] clocksource: refined-jiffies: mask: 0xffffffff max_cycles: 0xffffffff, max_idle_ns: 7645519600211568 ns
[    0.271466] setup_percpu: NR_CPUS:8192 nr_cpumask_bits:112 nr_cpu_ids:112 nr_node_ids:4
[    0.275766] percpu: Embedded 53 pages/cpu s180224 r8192 d28672 u262144
[    0.275776] pcpu-alloc: s180224 r8192 d28672 u262144 alloc=1*2097152
[    0.275778] pcpu-alloc: [0] 000 002 004 006 008 010 012 014 
[    0.275782] pcpu-alloc: [0] 016 018 020 022 024 026 028 030 
[    0.275785] pcpu-alloc: [0] 032 034 036 038 040 042 044 046 
[    0.275788] pcpu-alloc: [0] 048 050 052 054 056 058 060 062 
[    0.275791] pcpu-alloc: [0] 064 066 068 070 072 074 076 078 
[    0.275794] pcpu-alloc: [0] 080 082 084 086 088 090 092 094 
[    0.275797] pcpu-alloc: [0] 096 098 100 102 104 106 108 110 
[    0.275800] pcpu-alloc: [1] 001 003 005 007 009 011 013 015 
[    0.275804] pcpu-alloc: [1] 017 019 021 023 025 027 029 031 
[    0.275807] pcpu-alloc: [1] 033 035 037 039 041 043 045 047 
[    0.275810] pcpu-alloc: [1] 049 051 053 055 057 059 061 063 
[    0.275813] pcpu-alloc: [1] 065 067 069 071 073 075 077 079 
[    0.275816] pcpu-alloc: [1] 081 083 085 087 089 091 093 095 
[    0.275819] pcpu-alloc: [1] 097 099 101 103 105 107 109 111 
[    0.275863] Built 2 zonelists, mobility grouping on.  Total pages: 32890638
[    0.275864] Policy zone: Normal
[    0.275866] Kernel command line: BOOT_IMAGE=/boot/vmlinuz-5.15.0tiering-detection+ root=UUID=9c365e1f-9cbd-4d74-ac50-a3ef2781b125 ro quiet splash vt.handoff=7
[    0.275917] Unknown command line parameters: splash BOOT_IMAGE=/boot/vmlinuz-5.15.0tiering-detection+
[    0.275918] printk: log_buf_len individual max cpu contribution: 4096 bytes
[    0.275919] printk: log_buf_len total cpu_extra contributions: 454656 bytes
[    0.275919] printk: log_buf_len min size: 262144 bytes
[    0.276849] printk: log_buf_len: 1048576 bytes
[    0.276850] printk: early log buf free: 224520(85%)
[    0.278047] mem auto-init: stack:off, heap alloc:on, heap free:off
[    0.570293] Memory: 131193144K/133655656K available (16393K kernel code, 3482K rwdata, 5356K rodata, 2820K init, 5836K bss, 2462252K reserved, 0K cma-reserved)
[    0.570298] random: get_random_u64 called from __kmem_cache_create+0x2d/0x4f0 with crng_init=1
[    0.570985] SLUB: HWalign=64, Order=0-3, MinObjects=0, CPUs=112, Nodes=4
[    0.571013] ftrace: allocating 46709 entries in 183 pages
[    0.583106] ftrace: allocated 183 pages with 6 groups
[    0.583724] rcu: Hierarchical RCU implementation.
[    0.583725] rcu: 	RCU restricting CPUs from NR_CPUS=8192 to nr_cpu_ids=112.
[    0.583726] 	Rude variant of Tasks RCU enabled.
[    0.583726] 	Tracing variant of Tasks RCU enabled.
[    0.583727] rcu: RCU calculated value of scheduler-enlistment delay is 25 jiffies.
[    0.583728] rcu: Adjusting geometry for rcu_fanout_leaf=16, nr_cpu_ids=112
[    0.586414] NR_IRQS: 524544, nr_irqs: 2952, preallocated irqs: 16
[    0.586776] random: crng done (trusting CPU's manufacturer)
[    0.586894] Console: colour dummy device 80x25
[    0.586921] printk: console [tty0] enabled
[    0.587087] mempolicy: Enabling automatic NUMA balancing. Configure with numa_balancing= or the kernel.numa_balancing sysctl
[    0.587091] ACPI: Core revision 20210730
[    0.591177] clocksource: hpet: mask: 0xffffffff max_cycles: 0xffffffff, max_idle_ns: 79635855245 ns
[    0.591220] APIC: Switch to symmetric I/O mode setup
[    0.591221] DMAR: Host address width 46
[    0.591222] DMAR: DRHD base: 0x000000d0ffc000 flags: 0x0
[    0.591226] DMAR: dmar0: reg_base_addr d0ffc000 ver 4:0 cap 8ed008c40780466 ecap 60000f050df
[    0.591229] DMAR: DRHD base: 0x000000dbbfc000 flags: 0x0
[    0.591232] DMAR: dmar1: reg_base_addr dbbfc000 ver 4:0 cap 8ed008c40780466 ecap 60000f050df
[    0.591234] DMAR: DRHD base: 0x000000e67fc000 flags: 0x0
[    0.591236] DMAR: dmar2: reg_base_addr e67fc000 ver 4:0 cap 8ed008c40780466 ecap 60000f050df
[    0.591237] DMAR: DRHD base: 0x000000f13fc000 flags: 0x0
[    0.591239] DMAR: dmar3: reg_base_addr f13fc000 ver 4:0 cap 8ed008c40780466 ecap 60000f050df
[    0.591241] DMAR: DRHD base: 0x000000fb7fc000 flags: 0x0
[    0.591245] DMAR: dmar4: reg_base_addr fb7fc000 ver 4:0 cap 8ed008c40780466 ecap 60000f050df
[    0.591247] DMAR: DRHD base: 0x000000a63fc000 flags: 0x0
[    0.591249] DMAR: dmar5: reg_base_addr a63fc000 ver 4:0 cap 8ed008c40780466 ecap 60000f050df
[    0.591250] DMAR: DRHD base: 0x000000b0ffc000 flags: 0x0
[    0.591253] DMAR: dmar6: reg_base_addr b0ffc000 ver 4:0 cap 8ed008c40780466 ecap 60000f050df
[    0.591255] DMAR: DRHD base: 0x000000bbbfc000 flags: 0x0
[    0.591257] DMAR: dmar7: reg_base_addr bbbfc000 ver 4:0 cap 8ed008c40780466 ecap 60000f050df
[    0.591258] DMAR: DRHD base: 0x000000c5ffc000 flags: 0x0
[    0.591260] DMAR: dmar8: reg_base_addr c5ffc000 ver 4:0 cap 8ed008c40780466 ecap 60000f050df
[    0.591262] DMAR: DRHD base: 0x0000009b7fc000 flags: 0x1
[    0.591264] DMAR: dmar9: reg_base_addr 9b7fc000 ver 4:0 cap 8ed008c40780466 ecap 60000f050df
[    0.591266] DMAR: RMRR base: 0x00000069426000 end: 0x00000069428fff
[    0.591268] DMAR: ATSR flags: 0x0
[    0.591268] DMAR: ATSR flags: 0x0
[    0.591271] DMAR-IR: IOAPIC id 8 under DRHD base  0x9b7fc000 IOMMU 9
[    0.591272] DMAR-IR: HPET id 0 under DRHD base 0x9b7fc000
[    0.591273] DMAR-IR: Queued invalidation will be enabled to support x2apic and Intr-remapping.
[    0.594107] DMAR-IR: Enabled IRQ remapping in x2apic mode
[    0.596676] ..TIMER: vector=0x30 apic1=0 pin1=2 apic2=-1 pin2=-1
[    0.615150] clocksource: tsc-early: mask: 0xffffffffffffffff max_cycles: 0x257a3c3232d, max_idle_ns: 440795236700 ns
[    0.615156] Calibrating delay loop (skipped), value calculated using timer frequency.. 5200.00 BogoMIPS (lpj=10400000)
[    0.615158] pid_max: default: 114688 minimum: 896
[    0.618610] LSM: Security Framework initializing
[    0.618623] Yama: becoming mindful.
[    0.618660] AppArmor: AppArmor initialized
[    0.627228] Dentry cache hash table entries: 8388608 (order: 14, 67108864 bytes, vmalloc)
[    0.631566] Inode-cache hash table entries: 4194304 (order: 13, 33554432 bytes, vmalloc)
[    0.631743] Mount-cache hash table entries: 131072 (order: 8, 1048576 bytes, vmalloc)
[    0.631875] Mountpoint-cache hash table entries: 131072 (order: 8, 1048576 bytes, vmalloc)
[    0.632412] x86/tme: not enabled by BIOS
[    0.632421] CPU0: Thermal monitoring enabled (TM1)
[    0.632423] x86/cpu: User Mode Instruction Prevention (UMIP) activated
[    0.632648] process: using mwait in idle threads
[    0.632649] Last level iTLB entries: 4KB 0, 2MB 0, 4MB 0
[    0.632650] Last level dTLB entries: 4KB 0, 2MB 0, 4MB 0, 1GB 0
[    0.632655] Spectre V1 : Mitigation: usercopy/swapgs barriers and __user pointer sanitization
[    0.632657] Spectre V2 : Mitigation: Enhanced IBRS
[    0.632657] Spectre V2 : Spectre v2 / SpectreRSB mitigation: Filling RSB on context switch
[    0.632659] Spectre V2 : mitigation: Enabling conditional Indirect Branch Prediction Barrier
[    0.632660] Speculative Store Bypass: Mitigation: Speculative Store Bypass disabled via prctl and seccomp
[    0.638039] Freeing SMP alternatives memory: 40K
[    0.639282] smpboot: Estimated ratio of average max frequency by base frequency (times 1024): 1339
[    0.639295] smpboot: CPU0: Intel(R) Xeon(R) Gold 6348 CPU @ 2.60GHz (family: 0x6, model: 0x6a, stepping: 0x6)
[    0.639476] Performance Events: PEBS fmt4+-baseline,  AnyThread deprecated, Icelake events, 32-deep LBR, full-width counters, Intel PMU driver.
[    0.639494] ... version:                5
[    0.639495] ... bit width:              48
[    0.639495] ... generic registers:      8
[    0.639495] ... value mask:             0000ffffffffffff
[    0.639496] ... max period:             00007fffffffffff
[    0.639497] ... fixed-purpose events:   4
[    0.639497] ... event mask:             0001000f000000ff
[    0.639623] rcu: Hierarchical SRCU implementation.
[    0.645645] NMI watchdog: Enabled. Permanently consumes one hw-PMU counter.
[    0.646604] smp: Bringing up secondary CPUs ...
[    0.646694] x86: Booting SMP configuration:
[    0.646694] .... node  #1, CPUs:          #1
[    0.008422] smpboot: CPU 1 Converting physical 0 to logical die 1

[    0.781718] .... node  #0, CPUs:     #2
[    0.793473] .... node  #1, CPUs:     #3
[    0.845537] .... node  #0, CPUs:     #4
[    0.856925] .... node  #1, CPUs:     #5
[    0.887242] .... node  #0, CPUs:     #6
[    0.897894] .... node  #1, CPUs:     #7
[    0.909234] .... node  #0, CPUs:     #8
[    0.920001] .... node  #1, CPUs:     #9
[    0.930949] .... node  #0, CPUs:    #10
[    0.942222] .... node  #1, CPUs:    #11
[    0.953377] .... node  #0, CPUs:    #12
[    0.964164] .... node  #1, CPUs:    #13
[    0.975233] .... node  #0, CPUs:    #14
[    0.986566] .... node  #1, CPUs:    #15
[    0.997978] .... node  #0, CPUs:    #16
[    1.008609] .... node  #1, CPUs:    #17
[    1.019334] .... node  #0, CPUs:    #18
[    1.029959] .... node  #1, CPUs:    #19
[    1.040603] .... node  #0, CPUs:    #20
[    1.051293] .... node  #1, CPUs:    #21
[    1.062432] .... node  #0, CPUs:    #22
[    1.073003] .... node  #1, CPUs:    #23
[    1.083625] .... node  #0, CPUs:    #24
[    1.094784] .... node  #1, CPUs:    #25
[    1.105434] .... node  #0, CPUs:    #26
[    1.116018] .... node  #1, CPUs:    #27
[    1.127240] .... node  #0, CPUs:    #28
[    1.137705] .... node  #1, CPUs:    #29
[    1.148319] .... node  #0, CPUs:    #30
[    1.159472] .... node  #1, CPUs:    #31
[    1.170117] .... node  #0, CPUs:    #32
[    1.180700] .... node  #1, CPUs:    #33
[    1.191973] .... node  #0, CPUs:    #34
[    1.202611] .... node  #1, CPUs:    #35
[    1.213312] .... node  #0, CPUs:    #36
[    1.224536] .... node  #1, CPUs:    #37
[    1.235239] .... node  #0, CPUs:    #38
[    1.245914] .... node  #1, CPUs:    #39
[    1.257042] .... node  #0, CPUs:    #40
[    1.267678] .... node  #1, CPUs:    #41
[    1.278398] .... node  #0, CPUs:    #42
[    1.289641] .... node  #1, CPUs:    #43
[    1.301037] .... node  #0, CPUs:    #44
[    1.311676] .... node  #1, CPUs:    #45
[    1.323241] .... node  #0, CPUs:    #46
[    1.334651] .... node  #1, CPUs:    #47
[    1.345583] .... node  #0, CPUs:    #48
[    1.357083] .... node  #1, CPUs:    #49
[    1.368014] .... node  #0, CPUs:    #50
[    1.379201] .... node  #1, CPUs:    #51
[    1.390393] .... node  #0, CPUs:    #52
[    1.401303] .... node  #1, CPUs:    #53
[    1.412204] .... node  #0, CPUs:    #54
[    1.423730] .... node  #1, CPUs:    #55
[    1.435242] .... node  #0, CPUs:    #56
[    1.439294] .... node  #1, CPUs:    #57
[    1.443548] .... node  #0, CPUs:    #58
[    1.447340] .... node  #1, CPUs:    #59
[    1.451241] .... node  #0, CPUs:    #60
[    1.455294] .... node  #1, CPUs:    #61
[    1.459359] .... node  #0, CPUs:    #62
[    1.463302] .... node  #1, CPUs:    #63
[    1.467247] .... node  #0, CPUs:    #64
[    1.471274] .... node  #1, CPUs:    #65
[    1.474949] .... node  #0, CPUs:    #66
[    1.479215] .... node  #1, CPUs:    #67
[    1.483184] .... node  #0, CPUs:    #68
[    1.486789] .... node  #1, CPUs:    #69
[    1.490667] .... node  #0, CPUs:    #70
[    1.494791] .... node  #1, CPUs:    #71
[    1.498904] .... node  #0, CPUs:    #72
[    1.502651] .... node  #1, CPUs:    #73
[    1.506453] .... node  #0, CPUs:    #74
[    1.510199] .... node  #1, CPUs:    #75
[    1.513971] .... node  #0, CPUs:    #76
[    1.517708] .... node  #1, CPUs:    #77
[    1.521721] .... node  #0, CPUs:    #78
[    1.525438] .... node  #1, CPUs:    #79
[    1.529214] .... node  #0, CPUs:    #80
[    1.533189] .... node  #1, CPUs:    #81
[    1.536964] .... node  #0, CPUs:    #82
[    1.540699] .... node  #1, CPUs:    #83
[    1.544684] .... node  #0, CPUs:    #84
[    1.548408] .... node  #1, CPUs:    #85
[    1.552173] .... node  #0, CPUs:    #86
[    1.556162] .... node  #1, CPUs:    #87
[    1.559938] .... node  #0, CPUs:    #88
[    1.563656] .... node  #1, CPUs:    #89
[    1.567710] .... node  #0, CPUs:    #90
[    1.571460] .... node  #1, CPUs:    #91
[    1.575266] .... node  #0, CPUs:    #92
[    1.579303] .... node  #1, CPUs:    #93
[    1.583250] .... node  #0, CPUs:    #94
[    1.586840] .... node  #1, CPUs:    #95
[    1.590857] .... node  #0, CPUs:    #96
[    1.594605] .... node  #1, CPUs:    #97
[    1.598398] .... node  #0, CPUs:    #98
[    1.602423] .... node  #1, CPUs:    #99
[    1.606539] .... node  #0, CPUs:   #100
[    1.610292] .... node  #1, CPUs:   #101
[    1.614447] .... node  #0, CPUs:   #102
[    1.618576] .... node  #1, CPUs:   #103
[    1.622490] .... node  #0, CPUs:   #104
[    1.626619] .... node  #1, CPUs:   #105
[    1.630527] .... node  #0, CPUs:   #106
[    1.634427] .... node  #1, CPUs:   #107
[    1.638538] .... node  #0, CPUs:   #108
[    1.642411] .... node  #1, CPUs:   #109
[    1.646310] .... node  #0, CPUs:   #110
[    1.650446] .... node  #1, CPUs:   #111
[    1.654545] smp: Brought up 2 nodes, 112 CPUs
[    1.654545] smpboot: Max logical packages: 2
[    1.654545] smpboot: Total of 112 processors activated (584206.78 BogoMIPS)
[    1.661360] devtmpfs: initialized
[    1.661360] x86/mm: Memory block size: 2048MB
[    1.661360] ACPI: PM: Registering ACPI NVS region [mem 0x4ad73000-0x4bd72fff] (16777216 bytes)
[    1.661360] ACPI: PM: Registering ACPI NVS region [mem 0x6e3ff000-0x6f3fefff] (16777216 bytes)
[    1.661360] clocksource: jiffies: mask: 0xffffffff max_cycles: 0xffffffff, max_idle_ns: 7645041785100000 ns
[    1.661360] futex hash table entries: 32768 (order: 9, 2097152 bytes, vmalloc)
[    1.661360] pinctrl core: initialized pinctrl subsystem
[    1.661360] PM: RTC time: 05:45:19, date: 2022-11-01
[    1.663196] NET: Registered PF_NETLINK/PF_ROUTE protocol family
[    1.663729] DMA: preallocated 4096 KiB GFP_KERNEL pool for atomic allocations
[    1.664175] DMA: preallocated 4096 KiB GFP_KERNEL|GFP_DMA pool for atomic allocations
[    1.664642] DMA: preallocated 4096 KiB GFP_KERNEL|GFP_DMA32 pool for atomic allocations
[    1.664650] audit: initializing netlink subsys (disabled)
[    1.664656] audit: type=2000 audit(1667281519.072:1): state=initialized audit_enabled=0 res=1
[    1.664656] thermal_sys: Registered thermal governor 'fair_share'
[    1.664656] thermal_sys: Registered thermal governor 'bang_bang'
[    1.664656] thermal_sys: Registered thermal governor 'step_wise'
[    1.664656] thermal_sys: Registered thermal governor 'user_space'
[    1.664656] EISA bus registered
[    1.664656] cpuidle: using governor ladder
[    1.664656] cpuidle: using governor menu
[    1.664656] ACPI FADT declares the system doesn't support PCIe ASPM, so disable it
[    1.664656] ACPI: bus type PCI registered
[    1.664656] acpiphp: ACPI Hot Plug PCI Controller Driver version: 0.5
[    1.664656] PCI: MMCONFIG for domain 0000 [bus 00-ff] at [mem 0x80000000-0x8fffffff] (base 0x80000000)
[    1.664656] PCI: MMCONFIG at [mem 0x80000000-0x8fffffff] reserved in E820
[    1.664656] pmd_set_huge: Cannot satisfy [mem 0x80000000-0x80200000] with a huge-page mapping due to MTRR override.
[    1.664656] PCI: Using configuration type 1 for base access
[    1.664656] PCI: Dell System detected, enabling pci=bfsort.
[    1.667441] ENERGY_PERF_BIAS: Set to 'normal', was 'performance'
[    1.667985] Kprobes globally optimized
[    1.667988] HugeTLB registered 1.00 GiB page size, pre-allocated 0 pages
[    1.667988] HugeTLB registered 2.00 MiB page size, pre-allocated 0 pages
[    1.671256] ACPI: Added _OSI(Module Device)
[    1.671258] ACPI: Added _OSI(Processor Device)
[    1.671258] ACPI: Added _OSI(3.0 _SCP Extensions)
[    1.671259] ACPI: Added _OSI(Processor Aggregator Device)
[    1.671260] ACPI: Added _OSI(Linux-Dell-Video)
[    1.671261] ACPI: Added _OSI(Linux-Lenovo-NV-HDMI-Audio)
[    1.671261] ACPI: Added _OSI(Linux-HPI-Hybrid-Graphics)
[    1.799394] ACPI: 8 ACPI AML tables successfully acquired and loaded
[    1.803805] ACPI: [Firmware Bug]: BIOS _OSI(Linux) query ignored
[    1.807898] ACPI: Dynamic OEM Table Load:
[    2.116536] ACPI: Interpreter enabled
[    2.116554] ACPI: PM: (supports S0 S5)
[    2.116555] ACPI: Using IOAPIC for interrupt routing
[    2.116624] HEST: Table parsing has been initialized.
[    2.116626] PCI: Using host bridge windows from ACPI; if necessary, use "pci=nocrs" and report a bug
[    2.138901] ACPI: Enabled 4 GPEs in block 00 to 7F
[    2.229981] ACPI: PCI Root Bridge [PC00] (domain 0000 [bus 00-15])
[    2.229986] acpi PNP0A08:00: _OSC: OS supports [ExtendedConfig ASPM ClockPM Segments MSI HPX-Type3]
[    2.281657] acpi PNP0A08:00: _OSC: platform does not support [SHPCHotplug AER LTR]
[    2.281827] acpi PNP0A08:00: _OSC: OS now controls [PCIeHotplug PME PCIeCapability]
[    2.281828] acpi PNP0A08:00: FADT indicates ASPM is unsupported, using BIOS configuration
[    2.283214] PCI host bridge to bus 0000:00
[    2.283215] pci_bus 0000:00: root bus resource [io  0x0000-0x0cf7 window]
[    2.283217] pci_bus 0000:00: root bus resource [io  0x1000-0x4fff window]
[    2.283218] pci_bus 0000:00: root bus resource [mem 0x000a0000-0x000bffff window]
[    2.283219] pci_bus 0000:00: root bus resource [mem 0x000c8000-0x000cffff window]
[    2.283220] pci_bus 0000:00: root bus resource [mem 0xfe010000-0xfe010fff window]
[    2.283221] pci_bus 0000:00: root bus resource [mem 0x90000000-0x9b7fffff window]
[    2.283222] pci_bus 0000:00: root bus resource [mem 0xc0000000000-0xc3fffffffff window]
[    2.283223] pci_bus 0000:00: root bus resource [bus 00-15]
[    2.284241] pci 0000:00:00.0: [8086:09a2] type 00 class 0x088000
[    2.284827] pci 0000:00:00.1: [8086:09a4] type 00 class 0x088000
[    2.285889] pci 0000:00:00.2: [8086:09a3] type 00 class 0x088000
[    2.286951] pci 0000:00:00.4: [8086:0998] type 00 class 0x060000
[    2.288517] pci 0000:00:02.0: [8086:09a6] type 00 class 0x088000
[    2.288525] pci 0000:00:02.0: reg 0x10: [mem 0x92dfc000-0x92dfdfff]
[    2.289593] pci 0000:00:02.1: [8086:09a7] type 00 class 0x088000
[    2.289600] pci 0000:00:02.1: reg 0x10: [mem 0x92d00000-0x92d7ffff]
[    2.289604] pci 0000:00:02.1: reg 0x14: [mem 0x92c80000-0x92cfffff]
[    2.290668] pci 0000:00:02.4: [8086:3456] type 00 class 0x130000
[    2.290677] pci 0000:00:02.4: reg 0x10: [mem 0x92a00000-0x92afffff 64bit]
[    2.290682] pci 0000:00:02.4: reg 0x18: [mem 0x92df0000-0x92df3fff 64bit]
[    2.290688] pci 0000:00:02.4: reg 0x20: [mem 0x92dc0000-0x92ddffff 64bit]
[    2.291768] pci 0000:00:11.0: [8086:a1ec] type 00 class 0xff0000
[    2.291770] pci 0000:00:11.0: device has non-compliant BARs; disabling IO/MEM decoding
[    2.292856] pci 0000:00:11.5: [8086:a1d2] type 00 class 0x010601
[    2.292868] pci 0000:00:11.5: reg 0x10: [mem 0x92dfa000-0x92dfbfff]
[    2.292875] pci 0000:00:11.5: reg 0x14: [mem 0x92e05000-0x92e050ff]
[    2.292882] pci 0000:00:11.5: reg 0x18: [io  0x2068-0x206f]
[    2.292888] pci 0000:00:11.5: reg 0x1c: [io  0x2074-0x2077]
[    2.292895] pci 0000:00:11.5: reg 0x20: [io  0x2040-0x205f]
[    2.292901] pci 0000:00:11.5: reg 0x24: [mem 0x92b80000-0x92bfffff]
[    2.292935] pci 0000:00:11.5: PME# supported from D3hot
[    2.294103] pci 0000:00:14.0: [8086:a1af] type 00 class 0x0c0330
[    2.294119] pci 0000:00:14.0: reg 0x10: [mem 0x92de0000-0x92deffff 64bit]
[    2.294178] pci 0000:00:14.0: PME# supported from D3hot D3cold
[    2.295364] pci 0000:00:14.2: [8086:a1b1] type 00 class 0x118000
[    2.295379] pci 0000:00:14.2: reg 0x10: [mem 0x92e02000-0x92e02fff 64bit]
[    2.296495] pci 0000:00:16.0: [8086:a1ba] type 00 class 0x078000
[    2.296517] pci 0000:00:16.0: reg 0x10: [mem 0x92e01000-0x92e01fff 64bit]
[    2.296595] pci 0000:00:16.0: PME# supported from D3hot
[    2.297655] pci 0000:00:16.1: [8086:a1bb] type 00 class 0x078000
[    2.297677] pci 0000:00:16.1: reg 0x10: [mem 0x92e00000-0x92e00fff 64bit]
[    2.297755] pci 0000:00:16.1: PME# supported from D3hot
[    2.298816] pci 0000:00:16.4: [8086:a1be] type 00 class 0x078000
[    2.298838] pci 0000:00:16.4: reg 0x10: [mem 0x92dff000-0x92dfffff 64bit]
[    2.298917] pci 0000:00:16.4: PME# supported from D3hot
[    2.299977] pci 0000:00:17.0: [8086:a182] type 00 class 0x010601
[    2.299989] pci 0000:00:17.0: reg 0x10: [mem 0x92df8000-0x92df9fff]
[    2.299995] pci 0000:00:17.0: reg 0x14: [mem 0x92e04000-0x92e040ff]
[    2.300002] pci 0000:00:17.0: reg 0x18: [io  0x2060-0x2067]
[    2.300008] pci 0000:00:17.0: reg 0x1c: [io  0x2070-0x2073]
[    2.300015] pci 0000:00:17.0: reg 0x20: [io  0x2020-0x203f]
[    2.300021] pci 0000:00:17.0: reg 0x24: [mem 0x92b00000-0x92b7ffff]
[    2.300055] pci 0000:00:17.0: PME# supported from D3hot
[    2.301225] pci 0000:00:1c.0: [8086:a190] type 01 class 0x060400
[    2.301293] pci 0000:00:1c.0: PME# supported from D0 D3hot D3cold
[    2.302772] pci 0000:00:1c.4: [8086:a194] type 01 class 0x060400
[    2.302835] pci 0000:00:1c.4: PME# supported from D0 D3hot D3cold
[    2.304293] pci 0000:00:1c.5: [8086:a195] type 01 class 0x060400
[    2.304357] pci 0000:00:1c.5: PME# supported from D0 D3hot D3cold
[    2.305822] pci 0000:00:1f.0: [8086:a1cb] type 00 class 0x060100
[    2.307074] pci 0000:00:1f.2: [8086:a1a1] type 00 class 0x058000
[    2.307087] pci 0000:00:1f.2: reg 0x10: [mem 0x92df4000-0x92df7fff]
[    2.308287] pci 0000:00:1f.4: [8086:a1a3] type 00 class 0x0c0500
[    2.308305] pci 0000:00:1f.4: reg 0x10: [mem 0x92dfe000-0x92dfe0ff 64bit]
[    2.308326] pci 0000:00:1f.4: reg 0x20: [io  0x2000-0x201f]
[    2.309387] pci 0000:00:1f.5: [8086:a1a4] type 00 class 0x0c8000
[    2.309401] pci 0000:00:1f.5: reg 0x10: [mem 0xfe010000-0xfe010fff]
[    2.309510] pci 0000:00:1c.0: PCI bridge to [bus 01]
[    2.309557] pci 0000:02:00.0: [1556:be00] type 01 class 0x060400
[    2.309716] pci 0000:00:1c.4: PCI bridge to [bus 02-03]
[    2.309720] pci 0000:00:1c.4:   bridge window [mem 0x92000000-0x928fffff]
[    2.309723] pci 0000:00:1c.4:   bridge window [mem 0x91000000-0x91ffffff 64bit pref]
[    2.309753] pci_bus 0000:03: extended config space not accessible
[    2.309767] pci 0000:03:00.0: [102b:0536] type 00 class 0x030000
[    2.309785] pci 0000:03:00.0: reg 0x10: [mem 0x91000000-0x91ffffff pref]
[    2.309795] pci 0000:03:00.0: reg 0x14: [mem 0x92808000-0x9280bfff]
[    2.309805] pci 0000:03:00.0: reg 0x18: [mem 0x92000000-0x927fffff]
[    2.309850] pci 0000:03:00.0: BAR 0: assigned to efifb
[    2.309941] pci 0000:02:00.0: PCI bridge to [bus 03]
[    2.309948] pci 0000:02:00.0:   bridge window [mem 0x92000000-0x928fffff]
[    2.309954] pci 0000:02:00.0:   bridge window [mem 0x91000000-0x91ffffff 64bit pref]
[    2.310021] pci 0000:04:00.0: [14e4:165f] type 00 class 0x020000
[    2.310043] pci 0000:04:00.0: reg 0x10: [mem 0x92930000-0x9293ffff 64bit pref]
[    2.310058] pci 0000:04:00.0: reg 0x18: [mem 0x92940000-0x9294ffff 64bit pref]
[    2.310073] pci 0000:04:00.0: reg 0x20: [mem 0x92950000-0x9295ffff 64bit pref]
[    2.310082] pci 0000:04:00.0: reg 0x30: [mem 0xfffc0000-0xffffffff pref]
[    2.310172] pci 0000:04:00.0: PME# supported from D0 D3hot D3cold
[    2.310224] pci 0000:04:00.0: 4.000 Gb/s available PCIe bandwidth, limited by 5.0 GT/s PCIe x1 link at 0000:00:1c.5 (capable of 8.000 Gb/s with 5.0 GT/s PCIe x2 link)
[    2.310632] pci 0000:04:00.1: [14e4:165f] type 00 class 0x020000
[    2.310655] pci 0000:04:00.1: reg 0x10: [mem 0x92900000-0x9290ffff 64bit pref]
[    2.310669] pci 0000:04:00.1: reg 0x18: [mem 0x92910000-0x9291ffff 64bit pref]
[    2.310684] pci 0000:04:00.1: reg 0x20: [mem 0x92920000-0x9292ffff 64bit pref]
[    2.310694] pci 0000:04:00.1: reg 0x30: [mem 0xfffc0000-0xffffffff pref]
[    2.310783] pci 0000:04:00.1: PME# supported from D0 D3hot D3cold
[    2.311201] pci 0000:00:1c.5: PCI bridge to [bus 04]
[    2.311208] pci 0000:00:1c.5:   bridge window [mem 0x92900000-0x929fffff 64bit pref]
[    2.311220] pci_bus 0000:00: on NUMA node 0
[    2.311666] ACPI: PCI Root Bridge [PC01] (domain 0000 [bus 16-2f])
[    2.311668] acpi PNP0A08:01: _OSC: OS supports [ExtendedConfig ASPM ClockPM Segments MSI HPX-Type3]
[    2.322703] acpi PNP0A08:01: _OSC: platform does not support [SHPCHotplug AER]
[    2.322865] acpi PNP0A08:01: _OSC: OS now controls [PCIeHotplug PME PCIeCapability LTR]
[    2.322866] acpi PNP0A08:01: FADT indicates ASPM is unsupported, using BIOS configuration
[    2.322961] PCI host bridge to bus 0000:16
[    2.322962] pci_bus 0000:16: root bus resource [io  0x5000-0x6fff window]
[    2.322963] pci_bus 0000:16: root bus resource [mem 0x9b800000-0xa63fffff window]
[    2.322964] pci_bus 0000:16: root bus resource [mem 0xc4000000000-0xc7fffffffff window]
[    2.322965] pci_bus 0000:16: root bus resource [bus 16-2f]
[    2.322976] pci 0000:16:00.0: [8086:09a2] type 00 class 0x088000
[    2.323042] pci 0000:16:00.1: [8086:09a4] type 00 class 0x088000
[    2.323101] pci 0000:16:00.2: [8086:09a3] type 00 class 0x088000
[    2.323160] pci 0000:16:00.4: [8086:0998] type 00 class 0x060000
[    2.323225] pci 0000:16:02.0: [8086:347a] type 01 class 0x060400
[    2.323233] pci 0000:16:02.0: reg 0x10: [mem 0xc7ffff00000-0xc7ffff1ffff 64bit]
[    2.323266] pci 0000:16:02.0: PME# supported from D0 D3hot D3cold
[    2.323990] pci 0000:17:00.0: [1000:0014] type 00 class 0x010400
[    2.324005] pci 0000:17:00.0: reg 0x10: [mem 0x9b800000-0x9b8fffff 64bit pref]
[    2.324015] pci 0000:17:00.0: reg 0x18: [mem 0x9b900000-0x9b9fffff 64bit pref]
[    2.324022] pci 0000:17:00.0: reg 0x20: [mem 0x9ba00000-0x9bafffff]
[    2.324028] pci 0000:17:00.0: reg 0x24: [io  0x5000-0x50ff]
[    2.324035] pci 0000:17:00.0: reg 0x30: [mem 0xfff00000-0xffffffff pref]
[    2.324868] pci 0000:17:00.0: supports D1 D2
[    2.324925] pci 0000:16:02.0: PCI bridge to [bus 17]
[    2.324927] pci 0000:16:02.0:   bridge window [io  0x5000-0x5fff]
[    2.324929] pci 0000:16:02.0:   bridge window [mem 0x9ba00000-0x9bafffff]
[    2.324931] pci 0000:16:02.0:   bridge window [mem 0x9b800000-0x9b9fffff 64bit pref]
[    2.324936] pci_bus 0000:16: on NUMA node 0
[    2.324991] ACPI: PCI Root Bridge [PC02] (domain 0000 [bus 30-49])
[    2.324993] acpi PNP0A08:02: _OSC: OS supports [ExtendedConfig ASPM ClockPM Segments MSI HPX-Type3]
[    2.336152] acpi PNP0A08:02: _OSC: platform does not support [SHPCHotplug AER]
[    2.336313] acpi PNP0A08:02: _OSC: OS now controls [PCIeHotplug PME PCIeCapability LTR]
[    2.336314] acpi PNP0A08:02: FADT indicates ASPM is unsupported, using BIOS configuration
[    2.336404] PCI host bridge to bus 0000:30
[    2.336405] pci_bus 0000:30: root bus resource [io  0x7000-0x8fff window]
[    2.336406] pci_bus 0000:30: root bus resource [mem 0xa6400000-0xb0ffffff window]
[    2.336407] pci_bus 0000:30: root bus resource [mem 0xc8000000000-0xcbfffffffff window]
[    2.336408] pci_bus 0000:30: root bus resource [bus 30-49]
[    2.336419] pci 0000:30:00.0: [8086:09a2] type 00 class 0x088000
[    2.336481] pci 0000:30:00.1: [8086:09a4] type 00 class 0x088000
[    2.336539] pci 0000:30:00.2: [8086:09a3] type 00 class 0x088000
[    2.336597] pci 0000:30:00.4: [8086:0998] type 00 class 0x060000
[    2.336661] pci 0000:30:04.0: [8086:347c] type 01 class 0x060400
[    2.336669] pci 0000:30:04.0: reg 0x10: [mem 0xcbffff20000-0xcbffff3ffff 64bit]
[    2.336678] pci 0000:30:04.0: enabling Extended Tags
[    2.336703] pci 0000:30:04.0: PME# supported from D0 D3hot D3cold
[    2.337221] pci 0000:30:05.0: [8086:347d] type 01 class 0x060400
[    2.337229] pci 0000:30:05.0: reg 0x10: [mem 0xcbffff00000-0xcbffff1ffff 64bit]
[    2.337239] pci 0000:30:05.0: enabling Extended Tags
[    2.337263] pci 0000:30:05.0: PME# supported from D0 D3hot D3cold
[    2.337784] pci 0000:31:00.0: [14e4:165f] type 00 class 0x020000
[    2.337799] pci 0000:31:00.0: reg 0x10: [mem 0xa6430000-0xa643ffff 64bit pref]
[    2.337809] pci 0000:31:00.0: reg 0x18: [mem 0xa6440000-0xa644ffff 64bit pref]
[    2.337819] pci 0000:31:00.0: reg 0x20: [mem 0xa6450000-0xa645ffff 64bit pref]
[    2.337826] pci 0000:31:00.0: reg 0x30: [mem 0xfffc0000-0xffffffff pref]
[    2.338678] pci 0000:31:00.0: PME# supported from D0 D3hot D3cold
[    2.339099] pci 0000:31:00.1: [14e4:165f] type 00 class 0x020000
[    2.339114] pci 0000:31:00.1: reg 0x10: [mem 0xa6400000-0xa640ffff 64bit pref]
[    2.339124] pci 0000:31:00.1: reg 0x18: [mem 0xa6410000-0xa641ffff 64bit pref]
[    2.339134] pci 0000:31:00.1: reg 0x20: [mem 0xa6420000-0xa642ffff 64bit pref]
[    2.339140] pci 0000:31:00.1: reg 0x30: [mem 0xfffc0000-0xffffffff pref]
[    2.339779] pci 0000:31:00.1: PME# supported from D0 D3hot D3cold
[    2.340176] pci 0000:30:04.0: PCI bridge to [bus 31]
[    2.340180] pci 0000:30:04.0:   bridge window [mem 0xa6400000-0xa64fffff 64bit pref]
[    2.340227] pci 0000:32:00.0: [14e4:165f] type 00 class 0x020000
[    2.340242] pci 0000:32:00.0: reg 0x10: [mem 0xa6530000-0xa653ffff 64bit pref]
[    2.340252] pci 0000:32:00.0: reg 0x18: [mem 0xa6540000-0xa654ffff 64bit pref]
[    2.340262] pci 0000:32:00.0: reg 0x20: [mem 0xa6550000-0xa655ffff 64bit pref]
[    2.340268] pci 0000:32:00.0: reg 0x30: [mem 0xfffc0000-0xffffffff pref]
[    2.341107] pci 0000:32:00.0: PME# supported from D0 D3hot D3cold
[    2.341520] pci 0000:32:00.1: [14e4:165f] type 00 class 0x020000
[    2.341535] pci 0000:32:00.1: reg 0x10: [mem 0xa6500000-0xa650ffff 64bit pref]
[    2.341545] pci 0000:32:00.1: reg 0x18: [mem 0xa6510000-0xa651ffff 64bit pref]
[    2.341555] pci 0000:32:00.1: reg 0x20: [mem 0xa6520000-0xa652ffff 64bit pref]
[    2.341561] pci 0000:32:00.1: reg 0x30: [mem 0xfffc0000-0xffffffff pref]
[    2.342187] pci 0000:32:00.1: PME# supported from D0 D3hot D3cold
[    2.342581] pci 0000:30:05.0: PCI bridge to [bus 32]
[    2.342584] pci 0000:30:05.0:   bridge window [mem 0xa6500000-0xa65fffff 64bit pref]
[    2.342592] pci_bus 0000:30: on NUMA node 0
[    2.342675] ACPI: PCI Root Bridge [PC04] (domain 0000 [bus 4a-63])
[    2.342677] acpi PNP0A08:04: _OSC: OS supports [ExtendedConfig ASPM ClockPM Segments MSI HPX-Type3]
[    2.353883] acpi PNP0A08:04: _OSC: platform does not support [SHPCHotplug AER]
[    2.354057] acpi PNP0A08:04: _OSC: OS now controls [PCIeHotplug PME PCIeCapability LTR]
[    2.354058] acpi PNP0A08:04: FADT indicates ASPM is unsupported, using BIOS configuration
[    2.354171] PCI host bridge to bus 0000:4a
[    2.354172] pci_bus 0000:4a: root bus resource [io  0x9000-0x9fff window]
[    2.354174] pci_bus 0000:4a: root bus resource [mem 0xb1000000-0xbbbfffff window]
[    2.354175] pci_bus 0000:4a: root bus resource [mem 0xcc000000000-0xcffffffffff window]
[    2.354176] pci_bus 0000:4a: root bus resource [bus 4a-63]
[    2.354188] pci 0000:4a:00.0: [8086:09a2] type 00 class 0x088000
[    2.354254] pci 0000:4a:00.1: [8086:09a4] type 00 class 0x088000
[    2.354314] pci 0000:4a:00.2: [8086:09a3] type 00 class 0x088000
[    2.354373] pci 0000:4a:00.4: [8086:0998] type 00 class 0x060000
[    2.354436] pci 0000:4a:02.0: [8086:347a] type 01 class 0x060400
[    2.354444] pci 0000:4a:02.0: reg 0x10: [mem 0xcfffff00000-0xcfffff1ffff 64bit]
[    2.354478] pci 0000:4a:02.0: PME# supported from D0 D3hot D3cold
[    2.355295] pci 0000:4b:00.0: [15b3:101b] type 00 class 0x020700
[    2.355425] pci 0000:4b:00.0: reg 0x10: [mem 0xb2000000-0xb3ffffff 64bit pref]
[    2.357214] pci 0000:4b:00.0: PME# supported from D3cold
[    2.357609] pci 0000:4a:02.0: PCI bridge to [bus 4b]
[    2.357613] pci 0000:4a:02.0:   bridge window [mem 0xb2000000-0xb3ffffff 64bit pref]
[    2.357618] pci_bus 0000:4a: on NUMA node 0
[    2.357677] ACPI: PCI Root Bridge [PC05] (domain 0000 [bus 64-7d])
[    2.357679] acpi PNP0A08:05: _OSC: OS supports [ExtendedConfig ASPM ClockPM Segments MSI HPX-Type3]
[    2.368477] acpi PNP0A08:05: _OSC: platform does not support [SHPCHotplug AER]
[    2.368638] acpi PNP0A08:05: _OSC: OS now controls [PCIeHotplug PME PCIeCapability LTR]
[    2.368639] acpi PNP0A08:05: FADT indicates ASPM is unsupported, using BIOS configuration
[    2.368728] PCI host bridge to bus 0000:64
[    2.368729] pci_bus 0000:64: root bus resource [io  0xa000-0xafff window]
[    2.368730] pci_bus 0000:64: root bus resource [mem 0xbbc00000-0xc5ffffff window]
[    2.368731] pci_bus 0000:64: root bus resource [mem 0xd0000000000-0xd3fffffffff window]
[    2.368732] pci_bus 0000:64: root bus resource [bus 64-7d]
[    2.368744] pci 0000:64:00.0: [8086:09a2] type 00 class 0x088000
[    2.368806] pci 0000:64:00.1: [8086:09a4] type 00 class 0x088000
[    2.368872] pci 0000:64:00.2: [8086:09a3] type 00 class 0x088000
[    2.368933] pci 0000:64:00.4: [8086:0998] type 00 class 0x060000
[    2.368992] pci_bus 0000:64: on NUMA node 0
[    2.369043] ACPI: PCI Root Bridge [UC06] (domain 0000 [bus 7e])
[    2.369045] acpi PNP0A03:00: _OSC: OS supports [ExtendedConfig ASPM ClockPM Segments MSI HPX-Type3]
[    2.369175] acpi PNP0A03:00: _OSC: platform does not support [SHPCHotplug AER LTR]
[    2.369310] acpi PNP0A03:00: _OSC: OS now controls [PCIeHotplug PME PCIeCapability]
[    2.369311] acpi PNP0A03:00: FADT indicates ASPM is unsupported, using BIOS configuration
[    2.369408] PCI host bridge to bus 0000:7e
[    2.369409] pci_bus 0000:7e: root bus resource [bus 7e]
[    2.369435] pci 0000:7e:00.0: [8086:3450] type 00 class 0x088000
[    2.369502] pci 0000:7e:00.1: [8086:3451] type 00 class 0x088000
[    2.369574] pci 0000:7e:00.2: [8086:3452] type 00 class 0x088000
[    2.369639] pci 0000:7e:00.3: [8086:0998] type 00 class 0x060000
[    2.369704] pci 0000:7e:00.5: [8086:3455] type 00 class 0x088000
[    2.369785] pci 0000:7e:02.0: [8086:3440] type 00 class 0x088000
[    2.369912] pci 0000:7e:02.1: [8086:3441] type 00 class 0x088000
[    2.370028] pci 0000:7e:02.2: [8086:3442] type 00 class 0x088000
[    2.370154] pci 0000:7e:03.0: [8086:3440] type 00 class 0x088000
[    2.370242] pci 0000:7e:03.1: [8086:3441] type 00 class 0x088000
[    2.370325] pci 0000:7e:03.2: [8086:3442] type 00 class 0x088000
[    2.370415] pci 0000:7e:04.0: [8086:3440] type 00 class 0x088000
[    2.370543] pci 0000:7e:04.1: [8086:3441] type 00 class 0x088000
[    2.370667] pci 0000:7e:04.2: [8086:3442] type 00 class 0x088000
[    2.370797] pci 0000:7e:04.3: [8086:3443] type 00 class 0x088000
[    2.370934] pci 0000:7e:05.0: [8086:3445] type 00 class 0x088000
[    2.371057] pci 0000:7e:05.1: [8086:3446] type 00 class 0x088000
[    2.371176] pci 0000:7e:05.2: [8086:3447] type 00 class 0x088000
[    2.371304] pci 0000:7e:06.0: [8086:3445] type 00 class 0x088000
[    2.371391] pci 0000:7e:06.1: [8086:3446] type 00 class 0x088000
[    2.371477] pci 0000:7e:06.2: [8086:3447] type 00 class 0x088000
[    2.371581] pci 0000:7e:07.0: [8086:3445] type 00 class 0x088000
[    2.371714] pci 0000:7e:07.1: [8086:3446] type 00 class 0x088000
[    2.371842] pci 0000:7e:07.2: [8086:3447] type 00 class 0x088000
[    2.371975] pci 0000:7e:0b.0: [8086:3448] type 00 class 0x088000
[    2.372051] pci 0000:7e:0b.1: [8086:3448] type 00 class 0x088000
[    2.372124] pci 0000:7e:0b.2: [8086:344b] type 00 class 0x088000
[    2.372214] pci 0000:7e:0c.0: [8086:344a] type 00 class 0x110100
[    2.372321] pci 0000:7e:0d.0: [8086:344a] type 00 class 0x110100
[    2.372414] pci 0000:7e:0e.0: [8086:344a] type 00 class 0x110100
[    2.372572] pci 0000:7e:0f.0: [8086:344a] type 00 class 0x110100
[    2.372743] pci 0000:7e:1a.0: [8086:2880] type 00 class 0x110100
[    2.372847] pci 0000:7e:1b.0: [8086:2880] type 00 class 0x110100
[    2.372940] pci 0000:7e:1c.0: [8086:2880] type 00 class 0x110100
[    2.373098] pci 0000:7e:1d.0: [8086:2880] type 00 class 0x110100
[    2.373244] pci_bus 0000:7e: on NUMA node 0
[    2.373303] ACPI: PCI Root Bridge [UC07] (domain 0000 [bus 7f])
[    2.373305] acpi PNP0A03:01: _OSC: OS supports [ExtendedConfig ASPM ClockPM Segments MSI HPX-Type3]
[    2.373435] acpi PNP0A03:01: _OSC: platform does not support [SHPCHotplug AER LTR]
[    2.373569] acpi PNP0A03:01: _OSC: OS now controls [PCIeHotplug PME PCIeCapability]
[    2.373570] acpi PNP0A03:01: FADT indicates ASPM is unsupported, using BIOS configuration
[    2.373675] PCI host bridge to bus 0000:7f
[    2.373676] pci_bus 0000:7f: root bus resource [bus 7f]
[    2.373709] pci 0000:7f:00.0: [8086:344c] type 00 class 0x088000
[    2.373818] pci 0000:7f:00.1: [8086:344c] type 00 class 0x088000
[    2.373931] pci 0000:7f:00.2: [8086:344c] type 00 class 0x088000
[    2.374055] pci 0000:7f:00.3: [8086:344c] type 00 class 0x088000
[    2.374176] pci 0000:7f:00.4: [8086:344c] type 00 class 0x088000
[    2.374302] pci 0000:7f:00.5: [8086:344c] type 00 class 0x088000
[    2.374424] pci 0000:7f:00.6: [8086:344c] type 00 class 0x088000
[    2.374524] pci 0000:7f:00.7: [8086:344c] type 00 class 0x088000
[    2.374666] pci 0000:7f:01.0: [8086:344c] type 00 class 0x088000
[    2.374796] pci 0000:7f:01.1: [8086:344c] type 00 class 0x088000
[    2.374891] pci 0000:7f:01.2: [8086:344c] type 00 class 0x088000
[    2.375033] pci 0000:7f:01.3: [8086:344c] type 00 class 0x088000
[    2.375163] pci 0000:7f:01.4: [8086:344c] type 00 class 0x088000
[    2.375253] pci 0000:7f:01.5: [8086:344c] type 00 class 0x088000
[    2.375393] pci 0000:7f:01.6: [8086:344c] type 00 class 0x088000
[    2.375524] pci 0000:7f:01.7: [8086:344c] type 00 class 0x088000
[    2.375666] pci 0000:7f:02.0: [8086:344c] type 00 class 0x088000
[    2.375805] pci 0000:7f:02.1: [8086:344c] type 00 class 0x088000
[    2.375944] pci 0000:7f:02.2: [8086:344c] type 00 class 0x088000
[    2.376085] pci 0000:7f:02.3: [8086:344c] type 00 class 0x088000
[    2.376226] pci 0000:7f:02.4: [8086:344c] type 00 class 0x088000
[    2.376368] pci 0000:7f:02.5: [8086:344c] type 00 class 0x088000
[    2.376517] pci 0000:7f:02.6: [8086:344c] type 00 class 0x088000
[    2.376665] pci 0000:7f:02.7: [8086:344c] type 00 class 0x088000
[    2.376823] pci 0000:7f:03.0: [8086:344c] type 00 class 0x088000
[    2.376981] pci 0000:7f:03.1: [8086:344c] type 00 class 0x088000
[    2.377138] pci 0000:7f:03.2: [8086:344c] type 00 class 0x088000
[    2.377297] pci 0000:7f:03.3: [8086:344c] type 00 class 0x088000
[    2.377453] pci 0000:7f:03.4: [8086:344c] type 00 class 0x088000
[    2.377554] pci 0000:7f:03.5: [8086:344c] type 00 class 0x088000
[    2.377653] pci 0000:7f:03.6: [8086:344c] type 00 class 0x088000
[    2.377747] pci 0000:7f:03.7: [8086:344c] type 00 class 0x088000
[    2.377901] pci 0000:7f:04.0: [8086:344c] type 00 class 0x088000
[    2.378049] pci 0000:7f:04.1: [8086:344c] type 00 class 0x088000
[    2.378186] pci 0000:7f:04.2: [8086:344c] type 00 class 0x088000
[    2.378334] pci 0000:7f:04.3: [8086:344c] type 00 class 0x088000
[    2.378481] pci 0000:7f:04.4: [8086:344c] type 00 class 0x088000
[    2.378634] pci 0000:7f:04.5: [8086:344c] type 00 class 0x088000
[    2.378792] pci 0000:7f:04.6: [8086:344c] type 00 class 0x088000
[    2.378952] pci 0000:7f:04.7: [8086:344c] type 00 class 0x088000
[    2.379128] pci 0000:7f:0a.0: [8086:344d] type 00 class 0x088000
[    2.379236] pci 0000:7f:0a.1: [8086:344d] type 00 class 0x088000
[    2.379344] pci 0000:7f:0a.2: [8086:344d] type 00 class 0x088000
[    2.379469] pci 0000:7f:0a.3: [8086:344d] type 00 class 0x088000
[    2.379590] pci 0000:7f:0a.4: [8086:344d] type 00 class 0x088000
[    2.379715] pci 0000:7f:0a.5: [8086:344d] type 00 class 0x088000
[    2.379837] pci 0000:7f:0a.6: [8086:344d] type 00 class 0x088000
[    2.379938] pci 0000:7f:0a.7: [8086:344d] type 00 class 0x088000
[    2.380080] pci 0000:7f:0b.0: [8086:344d] type 00 class 0x088000
[    2.380205] pci 0000:7f:0b.1: [8086:344d] type 00 class 0x088000
[    2.380300] pci 0000:7f:0b.2: [8086:344d] type 00 class 0x088000
[    2.380443] pci 0000:7f:0b.3: [8086:344d] type 00 class 0x088000
[    2.380573] pci 0000:7f:0b.4: [8086:344d] type 00 class 0x088000
[    2.380663] pci 0000:7f:0b.5: [8086:344d] type 00 class 0x088000
[    2.380803] pci 0000:7f:0b.6: [8086:344d] type 00 class 0x088000
[    2.380934] pci 0000:7f:0b.7: [8086:344d] type 00 class 0x088000
[    2.381077] pci 0000:7f:0c.0: [8086:344d] type 00 class 0x088000
[    2.381217] pci 0000:7f:0c.1: [8086:344d] type 00 class 0x088000
[    2.381355] pci 0000:7f:0c.2: [8086:344d] type 00 class 0x088000
[    2.381496] pci 0000:7f:0c.3: [8086:344d] type 00 class 0x088000
[    2.381639] pci 0000:7f:0c.4: [8086:344d] type 00 class 0x088000
[    2.381781] pci 0000:7f:0c.5: [8086:344d] type 00 class 0x088000
[    2.381931] pci 0000:7f:0c.6: [8086:344d] type 00 class 0x088000
[    2.382079] pci 0000:7f:0c.7: [8086:344d] type 00 class 0x088000
[    2.382238] pci 0000:7f:0d.0: [8086:344d] type 00 class 0x088000
[    2.382396] pci 0000:7f:0d.1: [8086:344d] type 00 class 0x088000
[    2.382553] pci 0000:7f:0d.2: [8086:344d] type 00 class 0x088000
[    2.382712] pci 0000:7f:0d.3: [8086:344d] type 00 class 0x088000
[    2.382867] pci 0000:7f:0d.4: [8086:344d] type 00 class 0x088000
[    2.382968] pci 0000:7f:0d.5: [8086:344d] type 00 class 0x088000
[    2.383069] pci 0000:7f:0d.6: [8086:344d] type 00 class 0x088000
[    2.383163] pci 0000:7f:0d.7: [8086:344d] type 00 class 0x088000
[    2.383316] pci 0000:7f:0e.0: [8086:344d] type 00 class 0x088000
[    2.383470] pci 0000:7f:0e.1: [8086:344d] type 00 class 0x088000
[    2.383608] pci 0000:7f:0e.2: [8086:344d] type 00 class 0x088000
[    2.383756] pci 0000:7f:0e.3: [8086:344d] type 00 class 0x088000
[    2.383902] pci 0000:7f:0e.4: [8086:344d] type 00 class 0x088000
[    2.384056] pci 0000:7f:0e.5: [8086:344d] type 00 class 0x088000
[    2.384214] pci 0000:7f:0e.6: [8086:344d] type 00 class 0x088000
[    2.384374] pci 0000:7f:0e.7: [8086:344d] type 00 class 0x088000
[    2.384561] pci 0000:7f:1d.0: [8086:344f] type 00 class 0x088000
[    2.384678] pci 0000:7f:1d.1: [8086:3457] type 00 class 0x088000
[    2.384805] pci 0000:7f:1e.0: [8086:3458] type 00 class 0x088000
[    2.384885] pci 0000:7f:1e.1: [8086:3459] type 00 class 0x088000
[    2.384960] pci 0000:7f:1e.2: [8086:345a] type 00 class 0x088000
[    2.385034] pci 0000:7f:1e.3: [8086:345b] type 00 class 0x088000
[    2.385117] pci 0000:7f:1e.4: [8086:345c] type 00 class 0x088000
[    2.385192] pci 0000:7f:1e.5: [8086:345d] type 00 class 0x088000
[    2.385266] pci 0000:7f:1e.6: [8086:345e] type 00 class 0x088000
[    2.385340] pci 0000:7f:1e.7: [8086:345f] type 00 class 0x088000
[    2.385403] pci_bus 0000:7f: on NUMA node 0
[    2.385487] ACPI: PCI Root Bridge [PC06] (domain 0000 [bus 80-96])
[    2.385489] acpi PNP0A08:06: _OSC: OS supports [ExtendedConfig ASPM ClockPM Segments MSI HPX-Type3]
[    2.396237] acpi PNP0A08:06: _OSC: platform does not support [SHPCHotplug AER]
[    2.396397] acpi PNP0A08:06: _OSC: OS now controls [PCIeHotplug PME PCIeCapability LTR]
[    2.396398] acpi PNP0A08:06: FADT indicates ASPM is unsupported, using BIOS configuration
[    2.396506] PCI host bridge to bus 0000:80
[    2.396506] pci_bus 0000:80: root bus resource [io  0xb000-0xbfff window]
[    2.396507] pci_bus 0000:80: root bus resource [mem 0xc6800000-0xd0ffffff window]
[    2.396508] pci_bus 0000:80: root bus resource [mem 0xd4000000000-0xd7fffffffff window]
[    2.396510] pci_bus 0000:80: root bus resource [bus 80-96]
[    2.396534] pci 0000:80:00.0: [8086:09a2] type 00 class 0x088000
[    2.396614] pci 0000:80:00.1: [8086:09a4] type 00 class 0x088000
[    2.396689] pci 0000:80:00.2: [8086:09a3] type 00 class 0x088000
[    2.396765] pci 0000:80:00.4: [8086:0998] type 00 class 0x060000
[    2.396839] pci 0000:80:02.0: [8086:09a6] type 00 class 0x088000
[    2.396847] pci 0000:80:02.0: reg 0x10: [mem 0xc6aa4000-0xc6aa5fff]
[    2.396913] pci 0000:80:02.1: [8086:09a7] type 00 class 0x088000
[    2.396920] pci 0000:80:02.1: reg 0x10: [mem 0xc6a00000-0xc6a7ffff]
[    2.396925] pci 0000:80:02.1: reg 0x14: [mem 0xc6980000-0xc69fffff]
[    2.396997] pci 0000:80:02.4: [8086:3456] type 00 class 0x130000
[    2.397006] pci 0000:80:02.4: reg 0x10: [mem 0xc6800000-0xc68fffff 64bit]
[    2.397012] pci 0000:80:02.4: reg 0x18: [mem 0xc6aa0000-0xc6aa3fff 64bit]
[    2.397018] pci 0000:80:02.4: reg 0x20: [mem 0xc6a80000-0xc6a9ffff 64bit]
[    2.397070] pci_bus 0000:80: on NUMA node 1
[    2.397128] ACPI: PCI Root Bridge [PC07] (domain 0000 [bus 97-af])
[    2.397130] acpi PNP0A08:07: _OSC: OS supports [ExtendedConfig ASPM ClockPM Segments MSI HPX-Type3]
[    2.408083] acpi PNP0A08:07: _OSC: platform does not support [SHPCHotplug AER]
[    2.408243] acpi PNP0A08:07: _OSC: OS now controls [PCIeHotplug PME PCIeCapability LTR]
[    2.408244] acpi PNP0A08:07: FADT indicates ASPM is unsupported, using BIOS configuration
[    2.408335] PCI host bridge to bus 0000:97
[    2.408336] pci_bus 0000:97: root bus resource [io  0xc000-0xcfff window]
[    2.408336] pci_bus 0000:97: root bus resource [mem 0xd1000000-0xdbbfffff window]
[    2.408337] pci_bus 0000:97: root bus resource [mem 0xd8000000000-0xdbfffffffff window]
[    2.408338] pci_bus 0000:97: root bus resource [bus 97-af]
[    2.408350] pci 0000:97:00.0: [8086:09a2] type 00 class 0x088000
[    2.408417] pci 0000:97:00.1: [8086:09a4] type 00 class 0x088000
[    2.408486] pci 0000:97:00.2: [8086:09a3] type 00 class 0x088000
[    2.408550] pci 0000:97:00.4: [8086:0998] type 00 class 0x060000
[    2.408621] pci 0000:97:02.0: [8086:347a] type 01 class 0x060400
[    2.408630] pci 0000:97:02.0: reg 0x10: [mem 0xdbffff00000-0xdbffff1ffff 64bit]
[    2.408668] pci 0000:97:02.0: PME# supported from D0 D3hot D3cold
[    2.409490] pci 0000:98:00.0: [15b3:101b] type 00 class 0x020700
[    2.409617] pci 0000:98:00.0: reg 0x10: [mem 0xd2000000-0xd3ffffff 64bit pref]
[    2.409882] pci 0000:98:00.0: reg 0x30: [mem 0xfff00000-0xffffffff pref]
[    2.415253] pci 0000:98:00.0: PME# supported from D3cold
[    2.415253] pci 0000:97:02.0: PCI bridge to [bus 98]
[    2.415253] pci 0000:97:02.0:   bridge window [mem 0xd2000000-0xd3ffffff 64bit pref]
[    2.415253] pci_bus 0000:97: on NUMA node 1
[    2.415253] ACPI: PCI Root Bridge [PC08] (domain 0000 [bus b0-c8])
[    2.415253] acpi PNP0A08:08: _OSC: OS supports [ExtendedConfig ASPM ClockPM Segments MSI HPX-Type3]
[    2.422834] acpi PNP0A08:08: _OSC: platform does not support [SHPCHotplug AER]
[    2.422995] acpi PNP0A08:08: _OSC: OS now controls [PCIeHotplug PME PCIeCapability LTR]
[    2.422996] acpi PNP0A08:08: FADT indicates ASPM is unsupported, using BIOS configuration
[    2.423228] PCI host bridge to bus 0000:b0
[    2.423229] pci_bus 0000:b0: root bus resource [io  0xd000-0xdfff window]
[    2.423231] pci_bus 0000:b0: root bus resource [mem 0xdbc00000-0xe67fffff window]
[    2.423232] pci_bus 0000:b0: root bus resource [mem 0xdc000000000-0xdffffffffff window]
[    2.423233] pci_bus 0000:b0: root bus resource [bus b0-c8]
[    2.423246] pci 0000:b0:00.0: [8086:09a2] type 00 class 0x088000
[    2.423329] pci 0000:b0:00.1: [8086:09a4] type 00 class 0x088000
[    2.423393] pci 0000:b0:00.2: [8086:09a3] type 00 class 0x088000
[    2.423459] pci 0000:b0:00.4: [8086:0998] type 00 class 0x060000
[    2.423527] pci_bus 0000:b0: on NUMA node 1
[    2.423607] ACPI: PCI Root Bridge [PC10] (domain 0000 [bus c9-e1])
[    2.423609] acpi PNP0A08:0a: _OSC: OS supports [ExtendedConfig ASPM ClockPM Segments MSI HPX-Type3]
[    2.434436] acpi PNP0A08:0a: _OSC: platform does not support [SHPCHotplug AER]
[    2.434596] acpi PNP0A08:0a: _OSC: OS now controls [PCIeHotplug PME PCIeCapability LTR]
[    2.434596] acpi PNP0A08:0a: FADT indicates ASPM is unsupported, using BIOS configuration
[    2.434689] PCI host bridge to bus 0000:c9
[    2.434690] pci_bus 0000:c9: root bus resource [io  0xe000-0xefff window]
[    2.434691] pci_bus 0000:c9: root bus resource [mem 0xe6800000-0xf13fffff window]
[    2.434691] pci_bus 0000:c9: root bus resource [mem 0xe0000000000-0xe3fffffffff window]
[    2.434692] pci_bus 0000:c9: root bus resource [bus c9-e1]
[    2.434704] pci 0000:c9:00.0: [8086:09a2] type 00 class 0x088000
[    2.434770] pci 0000:c9:00.1: [8086:09a4] type 00 class 0x088000
[    2.434835] pci 0000:c9:00.2: [8086:09a3] type 00 class 0x088000
[    2.434903] pci 0000:c9:00.4: [8086:0998] type 00 class 0x060000
[    2.434970] pci_bus 0000:c9: on NUMA node 1
[    2.435024] ACPI: PCI Root Bridge [PC11] (domain 0000 [bus e2-fa])
[    2.435026] acpi PNP0A08:0b: _OSC: OS supports [ExtendedConfig ASPM ClockPM Segments MSI HPX-Type3]
[    2.445845] acpi PNP0A08:0b: _OSC: platform does not support [SHPCHotplug AER]
[    2.446004] acpi PNP0A08:0b: _OSC: OS now controls [PCIeHotplug PME PCIeCapability LTR]
[    2.446004] acpi PNP0A08:0b: FADT indicates ASPM is unsupported, using BIOS configuration
[    2.446091] PCI host bridge to bus 0000:e2
[    2.446091] pci_bus 0000:e2: root bus resource [io  0xf000-0xffff window]
[    2.446092] pci_bus 0000:e2: root bus resource [mem 0xf1400000-0xfb7fffff window]
[    2.446093] pci_bus 0000:e2: root bus resource [mem 0xe4000000000-0xe7fffffffff window]
[    2.446094] pci_bus 0000:e2: root bus resource [bus e2-fa]
[    2.446106] pci 0000:e2:00.0: [8086:09a2] type 00 class 0x088000
[    2.446172] pci 0000:e2:00.1: [8086:09a4] type 00 class 0x088000
[    2.446237] pci 0000:e2:00.2: [8086:09a3] type 00 class 0x088000
[    2.446302] pci 0000:e2:00.4: [8086:0998] type 00 class 0x060000
[    2.446370] pci_bus 0000:e2: on NUMA node 1
[    2.446420] ACPI: PCI Root Bridge [UC16] (domain 0000 [bus fe])
[    2.446422] acpi PNP0A03:02: _OSC: OS supports [ExtendedConfig ASPM ClockPM Segments MSI HPX-Type3]
[    2.446552] acpi PNP0A03:02: _OSC: platform does not support [SHPCHotplug AER LTR]
[    2.446686] acpi PNP0A03:02: _OSC: OS now controls [PCIeHotplug PME PCIeCapability]
[    2.446686] acpi PNP0A03:02: FADT indicates ASPM is unsupported, using BIOS configuration
[    2.446780] PCI host bridge to bus 0000:fe
[    2.446780] pci_bus 0000:fe: root bus resource [bus fe]
[    2.446806] pci 0000:fe:00.0: [8086:3450] type 00 class 0x088000
[    2.446880] pci 0000:fe:00.1: [8086:3451] type 00 class 0x088000
[    2.446945] pci 0000:fe:00.2: [8086:3452] type 00 class 0x088000
[    2.447012] pci 0000:fe:00.3: [8086:0998] type 00 class 0x060000
[    2.447080] pci 0000:fe:00.5: [8086:3455] type 00 class 0x088000
[    2.447163] pci 0000:fe:02.0: [8086:3440] type 00 class 0x088000
[    2.447290] pci 0000:fe:02.1: [8086:3441] type 00 class 0x088000
[    2.447411] pci 0000:fe:02.2: [8086:3442] type 00 class 0x088000
[    2.447539] pci 0000:fe:03.0: [8086:3440] type 00 class 0x088000
[    2.447634] pci 0000:fe:03.1: [8086:3441] type 00 class 0x088000
[    2.447722] pci 0000:fe:03.2: [8086:3442] type 00 class 0x088000
[    2.447817] pci 0000:fe:04.0: [8086:3440] type 00 class 0x088000
[    2.447950] pci 0000:fe:04.1: [8086:3441] type 00 class 0x088000
[    2.448077] pci 0000:fe:04.2: [8086:3442] type 00 class 0x088000
[    2.448205] pci 0000:fe:04.3: [8086:3443] type 00 class 0x088000
[    2.448345] pci 0000:fe:05.0: [8086:3445] type 00 class 0x088000
[    2.448470] pci 0000:fe:05.1: [8086:3446] type 00 class 0x088000
[    2.448599] pci 0000:fe:05.2: [8086:3447] type 00 class 0x088000
[    2.448730] pci 0000:fe:06.0: [8086:3445] type 00 class 0x088000
[    2.448821] pci 0000:fe:06.1: [8086:3446] type 00 class 0x088000
[    2.448911] pci 0000:fe:06.2: [8086:3447] type 00 class 0x088000
[    2.449018] pci 0000:fe:07.0: [8086:3445] type 00 class 0x088000
[    2.449155] pci 0000:fe:07.1: [8086:3446] type 00 class 0x088000
[    2.449286] pci 0000:fe:07.2: [8086:3447] type 00 class 0x088000
[    2.449425] pci 0000:fe:0b.0: [8086:3448] type 00 class 0x088000
[    2.449505] pci 0000:fe:0b.1: [8086:3448] type 00 class 0x088000
[    2.449581] pci 0000:fe:0b.2: [8086:344b] type 00 class 0x088000
[    2.449671] pci 0000:fe:0c.0: [8086:344a] type 00 class 0x110100
[    2.449781] pci 0000:fe:0d.0: [8086:344a] type 00 class 0x110100
[    2.449881] pci 0000:fe:0e.0: [8086:344a] type 00 class 0x110100
[    2.450037] pci 0000:fe:0f.0: [8086:344a] type 00 class 0x110100
[    2.450212] pci 0000:fe:1a.0: [8086:2880] type 00 class 0x110100
[    2.450320] pci 0000:fe:1b.0: [8086:2880] type 00 class 0x110100
[    2.450419] pci 0000:fe:1c.0: [8086:2880] type 00 class 0x110100
[    2.450582] pci 0000:fe:1d.0: [8086:2880] type 00 class 0x110100
[    2.450731] pci_bus 0000:fe: on NUMA node 1
[    2.450790] ACPI: PCI Root Bridge [UC17] (domain 0000 [bus ff])
[    2.450793] acpi PNP0A03:03: _OSC: OS supports [ExtendedConfig ASPM ClockPM Segments MSI HPX-Type3]
[    2.450925] acpi PNP0A03:03: _OSC: platform does not support [SHPCHotplug AER LTR]
[    2.451060] acpi PNP0A03:03: _OSC: OS now controls [PCIeHotplug PME PCIeCapability]
[    2.451061] acpi PNP0A03:03: FADT indicates ASPM is unsupported, using BIOS configuration
[    2.451168] PCI host bridge to bus 0000:ff
[    2.451169] pci_bus 0000:ff: root bus resource [bus ff]
[    2.451203] pci 0000:ff:00.0: [8086:344c] type 00 class 0x088000
[    2.451318] pci 0000:ff:00.1: [8086:344c] type 00 class 0x088000
[    2.451432] pci 0000:ff:00.2: [8086:344c] type 00 class 0x088000
[    2.451557] pci 0000:ff:00.3: [8086:344c] type 00 class 0x088000
[    2.451684] pci 0000:ff:00.4: [8086:344c] type 00 class 0x088000
[    2.451811] pci 0000:ff:00.5: [8086:344c] type 00 class 0x088000
[    2.451919] pci 0000:ff:00.6: [8086:344c] type 00 class 0x088000
[    2.452057] pci 0000:ff:00.7: [8086:344c] type 00 class 0x088000
[    2.452198] pci 0000:ff:01.0: [8086:344c] type 00 class 0x088000
[    2.452298] pci 0000:ff:01.1: [8086:344c] type 00 class 0x088000
[    2.452439] pci 0000:ff:01.2: [8086:344c] type 00 class 0x088000
[    2.452577] pci 0000:ff:01.3: [8086:344c] type 00 class 0x088000
[    2.452671] pci 0000:ff:01.4: [8086:344c] type 00 class 0x088000
[    2.452818] pci 0000:ff:01.5: [8086:344c] type 00 class 0x088000
[    2.452977] pci 0000:ff:01.6: [8086:344c] type 00 class 0x088000
[    2.453113] pci 0000:ff:01.7: [8086:344c] type 00 class 0x088000
[    2.453270] pci 0000:ff:02.0: [8086:344c] type 00 class 0x088000
[    2.453420] pci 0000:ff:02.1: [8086:344c] type 00 class 0x088000
[    2.453569] pci 0000:ff:02.2: [8086:344c] type 00 class 0x088000
[    2.453716] pci 0000:ff:02.3: [8086:344c] type 00 class 0x088000
[    2.453864] pci 0000:ff:02.4: [8086:344c] type 00 class 0x088000
[    2.454019] pci 0000:ff:02.5: [8086:344c] type 00 class 0x088000
[    2.454176] pci 0000:ff:02.6: [8086:344c] type 00 class 0x088000
[    2.454329] pci 0000:ff:02.7: [8086:344c] type 00 class 0x088000
[    2.454503] pci 0000:ff:03.0: [8086:344c] type 00 class 0x088000
[    2.454667] pci 0000:ff:03.1: [8086:344c] type 00 class 0x088000
[    2.454826] pci 0000:ff:03.2: [8086:344c] type 00 class 0x088000
[    2.454994] pci 0000:ff:03.3: [8086:344c] type 00 class 0x088000
[    2.455150] pci 0000:ff:03.4: [8086:344c] type 00 class 0x088000
[    2.455255] pci 0000:ff:03.5: [8086:344c] type 00 class 0x088000
[    2.455369] pci 0000:ff:03.6: [8086:344c] type 00 class 0x088000
[    2.455496] pci 0000:ff:03.7: [8086:344c] type 00 class 0x088000
[    2.455608] pci 0000:ff:04.0: [8086:344c] type 00 class 0x088000
[    2.455759] pci 0000:ff:04.1: [8086:344c] type 00 class 0x088000
[    2.455896] pci 0000:ff:04.2: [8086:344c] type 00 class 0x088000
[    2.456040] pci 0000:ff:04.3: [8086:344c] type 00 class 0x088000
[    2.456181] pci 0000:ff:04.4: [8086:344c] type 00 class 0x088000
[    2.456325] pci 0000:ff:04.5: [8086:344c] type 00 class 0x088000
[    2.456489] pci 0000:ff:04.6: [8086:344c] type 00 class 0x088000
[    2.456654] pci 0000:ff:04.7: [8086:344c] type 00 class 0x088000
[    2.456838] pci 0000:ff:0a.0: [8086:344d] type 00 class 0x088000
[    2.456951] pci 0000:ff:0a.1: [8086:344d] type 00 class 0x088000
[    2.457065] pci 0000:ff:0a.2: [8086:344d] type 00 class 0x088000
[    2.457191] pci 0000:ff:0a.3: [8086:344d] type 00 class 0x088000
[    2.457317] pci 0000:ff:0a.4: [8086:344d] type 00 class 0x088000
[    2.457445] pci 0000:ff:0a.5: [8086:344d] type 00 class 0x088000
[    2.457555] pci 0000:ff:0a.6: [8086:344d] type 00 class 0x088000
[    2.457691] pci 0000:ff:0a.7: [8086:344d] type 00 class 0x088000
[    2.457834] pci 0000:ff:0b.0: [8086:344d] type 00 class 0x088000
[    2.457934] pci 0000:ff:0b.1: [8086:344d] type 00 class 0x088000
[    2.458076] pci 0000:ff:0b.2: [8086:344d] type 00 class 0x088000
[    2.458211] pci 0000:ff:0b.3: [8086:344d] type 00 class 0x088000
[    2.458307] pci 0000:ff:0b.4: [8086:344d] type 00 class 0x088000
[    2.458454] pci 0000:ff:0b.5: [8086:344d] type 00 class 0x088000
[    2.458606] pci 0000:ff:0b.6: [8086:344d] type 00 class 0x088000
[    2.458744] pci 0000:ff:0b.7: [8086:344d] type 00 class 0x088000
[    2.458900] pci 0000:ff:0c.0: [8086:344d] type 00 class 0x088000
[    2.459051] pci 0000:ff:0c.1: [8086:344d] type 00 class 0x088000
[    2.459201] pci 0000:ff:0c.2: [8086:344d] type 00 class 0x088000
[    2.459348] pci 0000:ff:0c.3: [8086:344d] type 00 class 0x088000
[    2.459496] pci 0000:ff:0c.4: [8086:344d] type 00 class 0x088000
[    2.459651] pci 0000:ff:0c.5: [8086:344d] type 00 class 0x088000
[    2.459809] pci 0000:ff:0c.6: [8086:344d] type 00 class 0x088000
[    2.459963] pci 0000:ff:0c.7: [8086:344d] type 00 class 0x088000
[    2.460138] pci 0000:ff:0d.0: [8086:344d] type 00 class 0x088000
[    2.460301] pci 0000:ff:0d.1: [8086:344d] type 00 class 0x088000
[    2.460461] pci 0000:ff:0d.2: [8086:344d] type 00 class 0x088000
[    2.460629] pci 0000:ff:0d.3: [8086:344d] type 00 class 0x088000
[    2.460786] pci 0000:ff:0d.4: [8086:344d] type 00 class 0x088000
[    2.460893] pci 0000:ff:0d.5: [8086:344d] type 00 class 0x088000
[    2.461007] pci 0000:ff:0d.6: [8086:344d] type 00 class 0x088000
[    2.461133] pci 0000:ff:0d.7: [8086:344d] type 00 class 0x088000
[    2.461245] pci 0000:ff:0e.0: [8086:344d] type 00 class 0x088000
[    2.461399] pci 0000:ff:0e.1: [8086:344d] type 00 class 0x088000
[    2.461535] pci 0000:ff:0e.2: [8086:344d] type 00 class 0x088000
[    2.461679] pci 0000:ff:0e.3: [8086:344d] type 00 class 0x088000
[    2.461822] pci 0000:ff:0e.4: [8086:344d] type 00 class 0x088000
[    2.461966] pci 0000:ff:0e.5: [8086:344d] type 00 class 0x088000
[    2.462130] pci 0000:ff:0e.6: [8086:344d] type 00 class 0x088000
[    2.462296] pci 0000:ff:0e.7: [8086:344d] type 00 class 0x088000
[    2.462487] pci 0000:ff:1d.0: [8086:344f] type 00 class 0x088000
[    2.462610] pci 0000:ff:1d.1: [8086:3457] type 00 class 0x088000
[    2.462743] pci 0000:ff:1e.0: [8086:3458] type 00 class 0x088000
[    2.462822] pci 0000:ff:1e.1: [8086:3459] type 00 class 0x088000
[    2.462901] pci 0000:ff:1e.2: [8086:345a] type 00 class 0x088000
[    2.462981] pci 0000:ff:1e.3: [8086:345b] type 00 class 0x088000
[    2.463063] pci 0000:ff:1e.4: [8086:345c] type 00 class 0x088000
[    2.463141] pci 0000:ff:1e.5: [8086:345d] type 00 class 0x088000
[    2.463219] pci 0000:ff:1e.6: [8086:345e] type 00 class 0x088000
[    2.463297] pci 0000:ff:1e.7: [8086:345f] type 00 class 0x088000
[    2.463364] pci_bus 0000:ff: on NUMA node 1
[    2.467170] iommu: Default domain type: Translated 
[    2.467170] iommu: DMA domain TLB invalidation policy: lazy mode 
[    2.467172] pci 0000:03:00.0: vgaarb: setting as boot VGA device
[    2.467172] pci 0000:03:00.0: vgaarb: VGA device added: decodes=io+mem,owns=io+mem,locks=none
[    2.467223] pci 0000:03:00.0: vgaarb: bridge control possible
[    2.467224] vgaarb: loaded
[    2.467378] SCSI subsystem initialized
[    2.467408] libata version 3.00 loaded.
[    2.467408] ACPI: bus type USB registered
[    2.467408] usbcore: registered new interface driver usbfs
[    2.467408] usbcore: registered new interface driver hub
[    2.467408] usbcore: registered new device driver usb
[    2.467408] pps_core: LinuxPPS API ver. 1 registered
[    2.467408] pps_core: Software ver. 5.3.6 - Copyright 2005-2007 Rodolfo Giometti <giometti@linux.it>
[    2.467408] PTP clock support registered
[    2.467408] EDAC MC: Ver: 3.0.0
[    2.467888] Registered efivars operations
[    2.467888] NetLabel: Initializing
[    2.467888] NetLabel:  domain hash size = 128
[    2.467888] NetLabel:  protocols = UNLABELED CIPSOv4 CALIPSO
[    2.467888] NetLabel:  unlabeled traffic allowed by default
[    2.467888] PCI: Using ACPI for IRQ routing
[    2.468575] PCI: pci_cache_line_size set to 64 bytes
[    2.469244] e820: reserve RAM buffer [mem 0x0008f000-0x0008ffff]
[    2.469245] e820: reserve RAM buffer [mem 0x491ce020-0x4bffffff]
[    2.469247] e820: reserve RAM buffer [mem 0x49283020-0x4bffffff]
[    2.469248] e820: reserve RAM buffer [mem 0x492b6020-0x4bffffff]
[    2.469250] e820: reserve RAM buffer [mem 0x492e9020-0x4bffffff]
[    2.469251] e820: reserve RAM buffer [mem 0x4931c020-0x4bffffff]
[    2.469252] e820: reserve RAM buffer [mem 0x4934f020-0x4bffffff]
[    2.469252] e820: reserve RAM buffer [mem 0x49380020-0x4bffffff]
[    2.469253] e820: reserve RAM buffer [mem 0x493b3020-0x4bffffff]
[    2.469254] e820: reserve RAM buffer [mem 0x493e6020-0x4bffffff]
[    2.469255] e820: reserve RAM buffer [mem 0x4ad73000-0x4bffffff]
[    2.469256] e820: reserve RAM buffer [mem 0x4beea000-0x4bffffff]
[    2.469256] e820: reserve RAM buffer [mem 0x4c1f1000-0x4fffffff]
[    2.469257] e820: reserve RAM buffer [mem 0x5b273000-0x5bffffff]
[    2.469257] e820: reserve RAM buffer [mem 0x5eefe000-0x5fffffff]
[    2.469258] e820: reserve RAM buffer [mem 0x6f800000-0x6fffffff]
[    2.472030] hpet0: at MMIO 0xfed00000, IRQs 2, 8, 0, 0, 0, 0, 0, 0
[    2.472035] hpet0: 8 comparators, 64-bit 24.000000 MHz counter
[    2.477391] clocksource: Switched to clocksource tsc-early
[    2.482288] VFS: Disk quotas dquot_6.6.0
